<html>
<body>
<pre>
<h1>µVision Build Log</h1>
<h2>Tool Versions:</h2>
IDE-Version: ¦ÌVision V5.17.0.0
Copyright (C) 2015 ARM Ltd and ARM Germany GmbH. All rights reserved.
License Information: av anzhu, av, LIC=NQQ63-ADAF3-DWG2I-T3MLC-S34T5-UQMT5
 
Tool Versions:
Toolchain:       MDK-ARM Standard  Version: 5.17
Toolchain Path:  C:\Keil_v5\ARM\ARMCC\Bin
C Compiler:      Armcc.exe V5.06 update 1 (build 61)
Assembler:       Armasm.exe V5.06 update 1 (build 61)
Linker/Locator:  ArmLink.exe V5.06 update 1 (build 61)
Library Manager: ArmAr.exe V5.06 update 1 (build 61)
Hex Converter:   FromElf.exe V5.06 update 1 (build 61)
CPU DLL:         
Dialog DLL:      
Target DLL:      Segger\JL2CM3.dll V2.99.16.0
Dialog DLL:      TCM.DLL V1.14.6.0
 
<h2>Project:</h2>
D:\BACKUP\ClingGo_NRF52_v2\ClingGo_NRF52\project\clinggo.uvprojx
Project File Date:  02/21/2017

<h2>Output:</h2>
*** Using Compiler 'V5.06 update 1 (build 61)', folder: 'C:\Keil_v5\ARM\ARMCC\Bin'
Build target 'nrf52832_xxaa'
compiling tmp.c...
compiling ble_cling.c...
ble_cling.c(332): warning:  #940-D: missing return statement at end of non-void function "cling_service_init"
  }
ble_cling.c(252): warning:  #550-D: variable "err_code" was set but never used
  	  uint32_t            err_code = NRF_SUCCESS;
ble_cling.c(262): warning:  #177-D: variable "i" was declared but never referenced
      int i = 0;
ble_cling.c(401): warning:  #188-D: enumerated type mixed with another type
          return 1;
ble_cling.c(168): warning:  #550-D: variable "task_handles" was set but never used
  static  TASK_HANDLE_SETS *task_handles;
ble_cling.c: 5 warnings, 0 errors
compiling main.c...
main.c(116): warning:  #177-D: variable "m_ble_stack_thread" was declared but never referenced
  	  static TaskHandle_t m_ble_stack_thread; 
main.c(117): warning:  #177-D: variable "m_logger_thread" was declared but never referenced
  		static TaskHandle_t m_logger_thread; 
main.c(172): warning:  #1-D: last line of file ends without a newline
  }
main.c(169): warning:  #177-D: variable "tmp" was declared but never referenced
  		TaskHandle_t tmp = xTask;
main.c: 4 warnings, 0 errors
compiling clingtask_input.c...
tasks\clingtask_input.c(47): warning:  #188-D: enumerated type mixed with another type
                  
S_TASK_NOTIFY(pClingInput->input_handle, OS_TASK_SFE_KEY_LONG_PRESSED_BITS, OS_NOTIFY_SET_BITS);
tasks\clingtask_input.c(54): warning:  #188-D: enumerated type mixed with another type
      
S_TASK_NOTIFY(pClingInput->input_handle, OS_TASK_SFE_KEY_INT_BITS, OS_NOTIFY_SET_BITS);
tasks\clingtask_input.c(60): warning:  #188-D: enumerated type mixed with another type
          
S_TASK_NOTIFY(pClingInput->input_handle, OS_TASK_SFE_BATT_EVT_BITS, OS_NOTIFY_SET_BITS);
tasks\clingtask_input.c(72): warning:  #188-D: enumerated type mixed with another type
                          
S_TASK_NOTIFY_FROM_ISR(pClingInput->cling_core_fsm_handle, OS_TASK_FSM_ACC_DATA_INT_BITS, OS_NOTIFY_SET_BITS);
tasks\clingtask_input.c(76): warning:  #188-D: enumerated type mixed with another type
                          
S_TASK_NOTIFY_FROM_ISR(pClingInput->input_handle, OS_TASK_SFE_KEY_INT_BITS, OS_NOTIFY_SET_BITS);
tasks\clingtask_input.c(80): warning:  #188-D: enumerated type mixed with another type
                          
S_TASK_NOTIFY_FROM_ISR(pClingInput->input_handle, OS_TASK_SFE_BATT_EVT_BITS, OS_NOTIFY_SET_BITS);
tasks\clingtask_input.c(88): warning:  #188-D: enumerated type mixed with another type
  				 
S_TASK_NOTIFY(pClingInput->input_handle, OS_TASK_SFE_KEY_INT_BITS, OS_NOTIFY_SET_BITS);
tasks\clingtask_input.c(134): warning:  #223-D: function "BATT_event_process" declared implicitly
                          BATT_event_process();
tasks\clingtask_input.c(139): warning:  #111-D: statement is unreachable
          
S_TASK_DELETE(OS_GET_CURRENT_TASK());
tasks\clingtask_input.c(38): warning:  #177-D: variable "Homekey_timer" was declared but never referenced
  static OS_TIMER Homekey_timer = NULL;
tasks\clingtask_input.c: 10 warnings, 0 errors
compiling clingtask_ouptut.c...
tasks\clingtask_ouptut.c(43): warning:  #188-D: enumerated type mixed with another type
          OS_TASK_NOTIFY(pClingOutput->ble_handle, BLE_APP_NOTIFY_CLING_PAY_BALANCE_SYNC_MASK,
tasks\clingtask_ouptut.c(48): warning:  #188-D: enumerated type mixed with another type
          
S_TASK_NOTIFY(pClingOutput->output_handle, OS_TASK_UI_OLED_PANEL_BITS, OS_NOTIFY_SET_BITS);
tasks\clingtask_ouptut.c(53): warning:  #188-D: enumerated type mixed with another type
          
S_TASK_NOTIFY(pClingOutput->output_handle, OS_TASK_UI_OLED_PANEL_BITS, OS_NOTIFY_SET_BITS);
tasks\clingtask_ouptut.c(59): warning:  #188-D: enumerated type mixed with another type
          OS_TASK_NOTIFY(pClingOutput->output_handle, OS_TASK_UI_RENDER_FRAME_BITS,
tasks\clingtask_ouptut.c(65): warning:  #188-D: enumerated type mixed with another type
          OS_TASK_NOTIFY(pClingOutput->output_handle, OS_TASK_UI_RENDER_FRAME_BITS,
tasks\clingtask_ouptut.c(72): warning:  #188-D: enumerated type mixed with another type
          OS_TASK_NOTIFY(pClingOutput->output_handle,
tasks\clingtask_ouptut.c(79): warning:  #188-D: enumerated type mixed with another type
          OS_TASK_NOTIFY(pClingOutput->output_handle, OS_TASK_ALERT_REMINDER_BITS,
tasks\clingtask_ouptut.c(85): warning:  #188-D: enumerated type mixed with another type
          
S_TASK_NOTIFY(pClingOutput->output_handle, OS_TASK_ALERT_NOTIFIC_BITS, OS_NOTIFY_SET_BITS);
tasks\clingtask_ouptut.c(90): warning:  #188-D: enumerated type mixed with another type
          OS_TASK_NOTIFY(pClingOutput->output_handle,
tasks\clingtask_ouptut.c(98): warning:  #188-D: enumerated type mixed with another type
          
S_TASK_NOTIFY(pClingOutput->output_handle, OS_TASK_ALERT_NOTIFIC_BITS, OS_NOTIFY_SET_BITS);
tasks\clingtask_ouptut.c(106): warning:  #188-D: enumerated type mixed with another type
                  
S_TASK_NOTIFY(pClingOutput->ble_handle, BLE_APP_NOTIFY_CLING_STRAT_ADV_REQUEST_MASK, OS_NOTIFY_SET_BITS);
tasks\clingtask_ouptut.c(176): warning:  #111-D: statement is unreachable
          
S_TASK_DELETE(OS_GET_CURRENT_TASK());
tasks\clingtask_ouptut.c: 12 warnings, 0 errors
compiling clingtask.c...
tasks\clingtask.c(74): warning:  #1295-D: Deprecated declaration oled_test - give arg types
  void  oled_test();
tasks\clingtask.c(75): warning:  #1295-D: Deprecated declaration BATT_charging_init - give arg types
  void BATT_charging_init();
tasks\clingtask.c(162): warning:  #1295-D: Deprecated declaration _nor_flash_spi_test - give arg types
  void _nor_flash_spi_test();
tasks\clingtask.c(168): warning:  #188-D: enumerated type mixed with another type
      xResult = 
S_TASK_NOTIFY(task_handles.input_handle, OS_TASK_SFE_KEY_INT_BITS, OS_NOTIFY_SET_BITS);
tasks\clingtask.c(235): warning:  #111-D: statement is unreachable
      
S_TASK_DELETE(OS_GET_CURRENT_TASK());
tasks\clingtask.c: 5 warnings, 0 errors
compiling Aes.c...
compiling base.c...
compiling batt.c...
ClingSDK\bsp\batt.c(75): warning:  #940-D: missing return statement at end of non-void function "BATT_read_reg"
  }
ClingSDK\bsp\batt.c(116): warning:  #940-D: missing return statement at end of non-void function "BATT_write_reg"
  }
ClingSDK\bsp\batt.c(334): warning:  #223-D: function "nofity_input_task_key_input_valid" declared implicitly
  				nofity_input_task_key_input_valid();
ClingSDK\bsp\batt.c(607): warning:  #177-D: variable "b" was declared but never referenced
          BATT_CTX *b = &cling.batt;
ClingSDK\bsp\batt.c: 4 warnings, 0 errors
compiling dbg.c...
compiling btle.c...
ClingSDK\bsp\btle.c(221): warning:  #223-D: function "cus_notify_send" declared implicitly
      cus_notify_send(ble_status.conn_id, uuid_num, data + sizeof(uuid_num), hvx_len);
ClingSDK\bsp\btle.c(234): warning:  #111-D: statement is unreachable
      return TRUE;
ClingSDK\bsp\btle.c(251): warning:  #167-D: argument of type "void (*)(void)" is incompatible with parameter of type "int"
      p->aes_encrypt(p, key, in, out, aes_hash_finish_cb);
ClingSDK\bsp\btle.c(268): warning:  #167-D: argument of type "void (*)(void)" is incompatible with parameter of type "int"
      p->aes_decrypt(p, key, in, out, aes_hash_finish_cb);
ClingSDK\bsp\btle.c(661): warning:  #69-D: integer conversion resulted in truncation
      ble_status.conn_id = 
LE_CONN_HANDLE_INVALID;
ClingSDK\bsp\btle.c(238): warning:  #550-D: variable "aes_finished" was set but never used
  static  uint8_t aes_finished = false;
ClingSDK\bsp\btle.c: 6 warnings, 0 errors
compiling cp.c...
ClingSDK\bsp\cp.c(55): warning:  #550-D: variable "minute_flash_offset" was set but never used
                  I32U minute_flash_offset;
ClingSDK\bsp\cp.c(166): warning:  #111-D: statement is unreachable
          return TRUE;
ClingSDK\bsp\cp.c: 2 warnings, 0 errors
compiling fs_file.c...
compiling fs_fat.c...
compiling fs_flash.c...
compiling fs_root.c...
compiling fs_nflash_rw.c...
compiling gpio_api.c...
compiling interrupt.c...
compiling homekey.c...
ClingSDK\bsp\homekey.c(21): warning:  #1295-D: Deprecated declaration CLING_test_notify - give arg types
  extern void CLING_test_notify();
ClingSDK\bsp\homekey.c: 1 warning, 0 errors
compiling link.c...
ClingSDK\bsp\link.c(288): warning:  #513-D: a value of type "void *" cannot be assigned to an entity of type "void *(*)(struct parameter *)"
                  link_state_machine = link_state_machine(&link_para);
ClingSDK\bsp\link.c: 1 warning, 0 errors
compiling lis3dh.c...
compiling nflash_spi.c...
compiling notific.c...
ClingSDK\bsp\notific.c(202): warning:  #111-D: statement is unreachable
  	if (b_run_state_machine) {
ClingSDK\bsp\notific.c(203): warning:  #188-D: enumerated type mixed with another type
                  
S_TASK_NOTIFY(OS_GET_CURRENT_TASK(), OS_TASK_ALERT_NOTIFIC_BITS, OS_NOTIFY_SET_BITS);
ClingSDK\bsp\notific.c: 2 warnings, 0 errors
compiling oled.c...
ClingSDK\bsp\oled.c(60): warning:  #177-D: variable "g_spi_rx_buf" was declared but never referenced
  	uint8_t g_spi_rx_buf[16];
ClingSDK\bsp\oled.c(126): warning:  #177-D: variable "buff" was declared but never referenced
          I8U buff[12];
ClingSDK\bsp\oled.c(127): warning:  #177-D: variable "k" was declared but never referenced
          int k = 0;
ClingSDK\bsp\oled.c(162): warning:  #2532-D: support for trigraphs is disabled
          _set_reg(0x50); // data set: 0%, 105Hz  ???? 470 KHz 0x50(???????)
ClingSDK\bsp\oled.c(456): warning:  #111-D: statement is unreachable
          if (b_notify_task) {
ClingSDK\bsp\oled.c(15): warning:  #177-D: variable "g_i2c_tx_buf" was declared but never referenced
  static uint8_t g_i2c_tx_buf[65];
ClingSDK\bsp\oled.c: 6 warnings, 0 errors
compiling ota.c...
compiling pedo.c...
compiling ppg.c...
ClingSDK\bsp\ppg.c(16): warning:  #940-D: missing return statement at end of non-void function "ppg_read_reg"
  }
ClingSDK\bsp\ppg.c(31): warning:  #940-D: missing return statement at end of non-void function "ppg_write_reg"
  }
ClingSDK\bsp\ppg.c(18): warning:  #177-D: function "ppg_write_reg" was declared but never referenced
  static BOOLEAN ppg_write_reg(I8U *send_buf, I8U txbytes, I8U *pRegVal , I8U databytes)
ClingSDK\bsp\ppg.c: 3 warnings, 0 errors
compiling reminder.c...
ClingSDK\bsp\reminder.c(298): warning:  #111-D: statement is unreachable
  	if (b_notify_task) {
ClingSDK\bsp\reminder.c(299): warning:  #188-D: enumerated type mixed with another type
                  
S_TASK_NOTIFY(OS_GET_CURRENT_TASK(), OS_TASK_ALERT_REMINDER_BITS, OS_NOTIFY_SET_BITS);
ClingSDK\bsp\reminder.c: 2 warnings, 0 errors
compiling RTC.c...
ClingSDK\bsp\RTC.c(15): warning:  #1295-D: Deprecated declaration CLING_task_rtc_notify - give arg types
  extern void CLING_task_rtc_notify();
ClingSDK\bsp\RTC.c: 1 warning, 0 errors
compiling sim.c...
compiling sleep.c...
compiling sensor.c...
compiling touch.c...
compiling sysclk.c...
compiling system.c...
ClingSDK\bsp\system.c(387): warning:  #167-D: argument of type "char *" is incompatible with parameter of type "I8U *"
      SYSTEM_get_dev_id(dev_name);
ClingSDK\bsp\system.c: 1 warning, 0 errors
compiling tracking.c...
compiling uicoTouch.c...
compiling ui.c...
ClingSDK\bsp\ui.c(19): warning:  #1295-D: Deprecated declaration UI_task_notify_rendering - give arg types
  extern void UI_task_notify_rendering();
ClingSDK\bsp\ui.c(2770): warning:  #1295-D: Deprecated declaration CLING_test_notify - give arg types
  extern void CLING_test_notify();
ClingSDK\bsp\ui.c(3018): warning:  #111-D: statement is unreachable
          if (b_notify_task) {
ClingSDK\bsp\ui.c: 3 warnings, 0 errors
compiling user.c...
compiling uv.c...
compiling Watchdog.c...
compiling weather.c...
compiling battmgr_hal.c...
ClingHal\src\battmgr_hal.c(187): warning:  #111-D: statement is unreachable
          return NULL;//ad_battery_open();
ClingHal\src\battmgr_hal.c(181): warning:  #177-D: variable "t" was declared but never referenced
  			spi_dev_handle_t* t = (spi_dev_handle_t*)BATT;
ClingHal\src\battmgr_hal.c(194): warning:  #68-D: integer conversion resulted in a change of sign
  						return -1;
ClingHal\src\battmgr_hal.c(227): warning:  #191-D: type qualifier is meaningless on cast type
                  const batt_handle_t hdl = (const batt_handle_t)user_data;
ClingHal\src\battmgr_hal.c(227): warning:  #177-D: variable "hdl" was declared but never referenced
                  const batt_handle_t hdl = (const batt_handle_t)user_data;
ClingHal\src\battmgr_hal.c: 6 warnings, 0 errors
#177-D: function "batt_async_read_callback" was declared but never referenced
  static void batt_async_read_callback(void *user_data, int value)
compiling ble_gap_mgr.c...
ClingHal\src\ble_gap_mgr.c(197): warning:  #188-D: enumerated type mixed with another type
                  OS_TASK_NOTIFY(reg_task, BLE_APP_NOTIFY_CLING_ADV_SWITCH_SPEED_REQUEST_MASK,
ClingHal\src\ble_gap_mgr.c(253): warning:  #177-D: variable "sec_mode" was declared but never referenced
      ble_gap_conn_sec_mode_t sec_mode;
ClingHal\src\ble_gap_mgr.c(95): warning:  #177-D: variable "adv_fast_interval" was declared but never referenced
  static const struct adv_interval adv_fast_interval; 
ClingHal\src\ble_gap_mgr.c(390): warning:  #177-D: variable "m_adv_uuids" was declared but never referenced
  static  ble_uuid_t m_adv_uuids[] = {{ANCS_UUID_SERVICE, BLE_UUID_TYPE_VENDOR_BEGIN}}; /**< Universally unique service identifiers. */
ClingHal\src\ble_gap_mgr.c: 5 warnings, 0 errors
compiling ota_hal.c...
ClingHal\src\ota_hal.c(137): warning:  #940-D: missing return statement at end of non-void function "read_data"
  }
ClingHal\src\ota_hal.c(199): warning:  #940-D: missing return statement at end of non-void function "erase_one_block_32k"
  }
ClingHal\src\ota_hal.c(227): warning:  #940-D: missing return statement at end of non-void function "erase_one_block_64k"
  }
ClingHal\src\ota_hal.c: 3 warnings, 0 errors
compiling flash_hal.c...
ClingHal\src\flash_hal.c(200): warning:  #940-D: missing return statement at end of non-void function "erase_one_block_32k"
  }
ClingHal\src\flash_hal.c(228): warning:  #940-D: missing return statement at end of non-void function "erase_one_block_64k"
  }
ClingHal\src\flash_hal.c(244): warning:  #940-D: missing return statement at end of non-void function "erase_all"
  }
ClingHal\src\flash_hal.c(256): warning:  #940-D: missing return statement at end of non-void function "get_erase_size"
  }
ClingHal\src\flash_hal.c(381): warning:  #111-D: statement is unreachable
      add = 0;
ClingHal\src\flash_hal.c: 5 warnings, 0 errors
compiling i2cdev_hal.c...
ClingHal\src\i2cdev_hal.c(35): warning:  #47-D: incompatible redefinition of macro "I2C_DEVICE_DEF" (declared at line 105 of ".\ClingHal\include\i2cdev_hal.h")
  #define I2C_DEVICE_DEF(bus_name, name, scl_pin, sda_pin, _address, _addr_mode,  _speed) \
.\ClingHal\include\flatform_dev.h(42): warning:  #188-D: enumerated type mixed with another type
  
.\ClingHal\include\flatform_dev.h(43): warning:  #188-D: enumerated type mixed with another type
  
.\ClingHal\include\flatform_dev.h(44): warning:  #188-D: enumerated type mixed with another type
  
ClingHal\src\i2cdev_hal.c(226): warning:  #111-D: statement is unreachable
         return NULL;//ad_i2c_open(I2C_OLED);
ClingHal\src\i2cdev_hal.c(219): warning:  #177-D: variable "t" was declared but never referenced
         	i2c_dev_handle_t* t = (i2c_dev_handle_t*)PMU;
ClingHal\src\i2cdev_hal.c(241): warning:  #111-D: statement is unreachable
         return NULL;//ad_i2c_open(I2C_OLED);
ClingHal\src\i2cdev_hal.c(234): warning:  #177-D: variable "t" was declared but never referenced
  			i2c_dev_handle_t* t = (i2c_dev_handle_t*)GPS;
ClingHal\src\i2cdev_hal.c(257): warning:  #111-D: statement is unreachable
         return NULL;//ad_i2c_open(I2C_OLED);PPG_READDEV
ClingHal\src\i2cdev_hal.c(250): warning:  #177-D: variable "t" was declared but never referenced
  			i2c_dev_handle_t* t = (i2c_dev_handle_t*)PPG;
ClingHal\src\i2cdev_hal.c: 11 warnings, 0 errors
  static i2c_dev_handle_t oled_open(CLASS(I2CDevHal) *arg);
compiling rtc_hal.c...
compiling btle_api.c...
ClingHal\src\btle_api.c(60): warning:  #1295-D: Deprecated declaration CLING_global_init - give arg types
  void CLING_global_init();
ClingHal\src\btle_api.c: 1 warning, 0 errors
compiling spidev_hal.c...
.\ClingHal\include\flatform_dev.h(37): warning:  #188-D: enumerated type mixed with another type
  
PI_SLAVE_DEVICE(SPI0, OLED, 0, 	GPIO_OLED_CS, 0, NRF_DRV_SPI_MODE_0, SPI0_DEFAULT_FREQUENCY, NRF_DRV_SPI_BIT_ORDER_MSB_FIRST)
.\ClingHal\include\flatform_dev.h(37): warning:  #68-D: integer conversion resulted in a change of sign
  
PI_SLAVE_DEVICE(SPI0, OLED, 0, 	GPIO_OLED_CS, 0, NRF_DRV_SPI_MODE_0, SPI0_DEFAULT_FREQUENCY, NRF_DRV_SPI_BIT_ORDER_MSB_FIRST)
.\ClingHal\include\flatform_dev.h(38): warning:  #188-D: enumerated type mixed with another type
  
PI_SLAVE_DEVICE(SPI0, FLASH, 0,	GPIO_FLASH_CS, 0, NRF_DRV_SPI_MODE_0, SPI0_DEFAULT_FREQUENCY, NRF_DRV_SPI_BIT_ORDER_MSB_FIRST)
.\ClingHal\include\flatform_dev.h(38): warning:  #68-D: integer conversion resulted in a change of sign
  
PI_SLAVE_DEVICE(SPI0, FLASH, 0,	GPIO_FLASH_CS, 0, NRF_DRV_SPI_MODE_0, SPI0_DEFAULT_FREQUENCY, NRF_DRV_SPI_BIT_ORDER_MSB_FIRST)
.\ClingHal\include\flatform_dev.h(39): warning:  #188-D: enumerated type mixed with another type
  
PI_SLAVE_DEVICE(SPI0, ACC, 0, 		GPIO_SPI_CS_ACC, 0, NRF_DRV_SPI_MODE_0, SPI0_DEFAULT_FREQUENCY, NRF_DRV_SPI_BIT_ORDER_MSB_FIRST)	
.\ClingHal\include\flatform_dev.h(39): warning:  #68-D: integer conversion resulted in a change of sign
  
PI_SLAVE_DEVICE(SPI0, ACC, 0, 		GPIO_SPI_CS_ACC, 0, NRF_DRV_SPI_MODE_0, SPI0_DEFAULT_FREQUENCY, NRF_DRV_SPI_BIT_ORDER_MSB_FIRST)	
ClingHal\src\spidev_hal.c(183): warning:  #177-D: variable "t" was declared but never referenced
  			spi_dev_handle_t* t = (spi_dev_handle_t*)ACC;
ClingHal\src\spidev_hal.c(196): warning:  #177-D: variable "t" was declared but never referenced
  			spi_dev_handle_t* t = (spi_dev_handle_t*)OLED;
ClingHal\src\spidev_hal.c(209): warning:  #177-D: variable "t" was declared but never referenced
  			spi_dev_handle_t* t = (spi_dev_handle_t*)FLASH;
ClingHal\src\spidev_hal.c: 10 warnings, 0 errors
  static CLASS(SpiDevHal) *p_instance = NULL;
compiling aes_hal.c...
compiling exti_hal.c...
ClingHal\src\exti_hal.c(151): warning:  #188-D: enumerated type mixed with another type
  						pin_int_callback(pin);
ClingHal\src\exti_hal.c(162): warning:  #188-D: enumerated type mixed with another type
  					p_config.pull = wu_pins[i].pull;
ClingHal\src\exti_hal.c(163): warning:  #188-D: enumerated type mixed with another type
  					p_config.sense = wu_pins[i].trigger_level;
ClingHal\src\exti_hal.c(72): warning:  #177-D: function "check_triggered_pins" was declared but never referenced
  static void check_triggered_pins(void);
ClingHal\src\exti_hal.c(212): warning:  #177-D: function "power_mode_interrupt_cb" was declared but never referenced
  static void power_mode_interrupt_cb(void)
ClingHal\src\exti_hal.c(105): warning:  #177-D: function "wkup_int1_z32_cb" was declared but never referenced
  static void wkup_int1_z32_cb(void)
ClingHal\src\exti_hal.c(95): warning:  #177-D: function "wkup_int1_touch_cb" was declared but never referenced
  static void wkup_int1_touch_cb(void)
ClingHal\src\exti_hal.c(85): warning:  #177-D: function "wkup_int1_acc_cb" was declared but never referenced
  static void wkup_int1_acc_cb(void)
ClingHal\src\exti_hal.c: 8 warnings, 0 errors
linking...
Program Size: Code=125600 RO-data=10748 RW-data=864 ZI-data=27296  
FromELF: creating hex file...
".\_build\nrf52832_xxaa.axf" - 0 Error(s), 113 Warning(s).

<h2>Software Packages used:</h2>

Package Vendor: ARM
                http://www.keil.com/pack/ARM.CMSIS.4.5.0.pack
                ARM::CMSIS:CORE:4.3.0
                CMSIS (Cortex Microcontroller Software Interface Standard)
   * Component: CORE Version: 4.3.0

Package Vendor: NordicSemiconductor
                http://developer.nordicsemi.com/nRF5_SDK/pieces/nRF_DeviceFamilyPack/NordicSemiconductor.nRF_DeviceFamilyPack.8.11.1.pack
                NordicSemiconductor::Device:Startup:8.11.1
                Nordic Semiconductor nRF ARM devices Device Family Pack.
   * Component: Startup Version: 8.11.1

<h2>Collection of Component include folders:</h2>
  D:\BACKUP\ClingGo_NRF52_v2\ClingGo_NRF52\project\RTE
  C:\Keil_v5\ARM\PACK\ARM\CMSIS\4.5.0\CMSIS\Include
  C:\Keil_v5\ARM\PACK\NordicSemiconductor\nRF_DeviceFamilyPack\8.11.1\Device\Include

<h2>Collection of Component Files used:</h2>

   * Component: ARM::CMSIS:CORE:4.3.0

   * Component: NordicSemiconductor::Device:Startup:8.11.1
      Source file:   Device\Source\system_nrf52.c
      Source file:   Device\Source\arm\arm_startup_nrf52.s
      Include file:  Device\Include\system_nrf52.h
Build Time Elapsed:  00:00:42
</pre>
</body>
</html>
