<!doctype html public "-//w3c//dtd html 4.0 transitional//en">
<html><head>
<title>Static Call Graph - [.\_build\nrf52832_xxaa.axf]</title></head>
<body><HR>
<H1>Static Call Graph for image .\_build\nrf52832_xxaa.axf</H1><HR>
<BR><P>#&#060CALLGRAPH&#062# ARM Linker, 5060061: Last Updated: Tue Feb 21 21:07:46 2017
<BR><P>
<H3>Maximum Stack Usage =       1336 bytes + Unknown(Cycles, Untraceable Function Pointers)</H3><H3>
Call chain for Maximum Stack Depth:</H3>
cling_task_core_fsm &rArr; TRACKING_data_logging &rArr; _logging_per_minute &rArr; _minute_data_flush_file &rArr; FILE_fopen &rArr; FAT_Init &rArr; _get_used_clusters &rArr; FLASH_Read_FAT &rArr; NFLASH_drv_read_sector &rArr; NOR_readData &rArr; NOR_releasePowerDown &rArr; flash_tx_rx &rArr; SpiDevHal_get_instance &rArr; SpiDevHal_init &rArr; xQueueCreateMutex &rArr; xQueueGenericSend &rArr; prvCopyDataToQueue &rArr; xTaskPriorityDisinherit
<P>
<H3>
Mutually Recursive functions
</H3> <LI><a href="#[6]">NMI_Handler</a>&nbsp;&nbsp;&nbsp;&rArr;&nbsp;&nbsp;&nbsp;<a href="#[6]">NMI_Handler</a><BR>
 <LI><a href="#[8]">MemoryManagement_Handler</a>&nbsp;&nbsp;&nbsp;&rArr;&nbsp;&nbsp;&nbsp;<a href="#[8]">MemoryManagement_Handler</a><BR>
 <LI><a href="#[9]">BusFault_Handler</a>&nbsp;&nbsp;&nbsp;&rArr;&nbsp;&nbsp;&nbsp;<a href="#[9]">BusFault_Handler</a><BR>
 <LI><a href="#[a]">UsageFault_Handler</a>&nbsp;&nbsp;&nbsp;&rArr;&nbsp;&nbsp;&nbsp;<a href="#[a]">UsageFault_Handler</a><BR>
 <LI><a href="#[c]">DebugMon_Handler</a>&nbsp;&nbsp;&nbsp;&rArr;&nbsp;&nbsp;&nbsp;<a href="#[c]">DebugMon_Handler</a><BR>
 <LI><a href="#[e]">SysTick_Handler</a>&nbsp;&nbsp;&nbsp;&rArr;&nbsp;&nbsp;&nbsp;<a href="#[e]">SysTick_Handler</a><BR>
 <LI><a href="#[1e]">CCM_AAR_IRQHandler</a>&nbsp;&nbsp;&nbsp;&rArr;&nbsp;&nbsp;&nbsp;<a href="#[1e]">CCM_AAR_IRQHandler</a><BR>
 <LI><a href="#[35f]">queue_process</a>&nbsp;&nbsp;&nbsp;&rArr;&nbsp;&nbsp;&nbsp;<a href="#[35f]">queue_process</a><BR>
</UL>
<P>
<H3>
Function Pointers
</H3><UL>
 <LI><a href="#[67]">ALERT_notific_timer_callback</a> from clingtask_ouptut.o(i.ALERT_notific_timer_callback) referenced from notific.o(i.NOTIFIC_state_machine)
 <LI><a href="#[69]">ALERT_reminder_timer_callback</a> from clingtask_ouptut.o(i.ALERT_reminder_timer_callback) referenced from reminder.o(i.REMINDER_state_machine)
 <LI><a href="#[9]">BusFault_Handler</a> from arm_startup_nrf52.o(.text) referenced from arm_startup_nrf52.o(RESET)
 <LI><a href="#[1e]">CCM_AAR_IRQHandler</a> from arm_startup_nrf52.o(.text) referenced from arm_startup_nrf52.o(RESET)
 <LI><a href="#[22]">COMP_LPCOMP_IRQHandler</a> from arm_startup_nrf52.o(.text) referenced from arm_startup_nrf52.o(RESET)
 <LI><a href="#[c]">DebugMon_Handler</a> from arm_startup_nrf52.o(.text) referenced from arm_startup_nrf52.o(RESET)
 <LI><a href="#[1d]">ECB_IRQHandler</a> from arm_startup_nrf52.o(.text) referenced from arm_startup_nrf52.o(RESET)
 <LI><a href="#[33]">FPU_IRQHandler</a> from arm_startup_nrf52.o(.text) referenced from arm_startup_nrf52.o(RESET)
 <LI><a href="#[15]">GPIOTE_IRQHandler</a> from nrf_drv_gpiote.o(i.GPIOTE_IRQHandler) referenced from arm_startup_nrf52.o(RESET)
 <LI><a href="#[7]">HardFault_Handler</a> from hardfault_handler_keil.o(.emb_text) referenced from arm_startup_nrf52.o(RESET)
 <LI><a href="#[35]">HardFault_c_handler</a> from hardfault_implementation.o(i.HardFault_c_handler) referenced from hardfault_handler_keil.o(.emb_text)
 <LI><a href="#[32]">I2S_IRQHandler</a> from arm_startup_nrf52.o(.text) referenced from arm_startup_nrf52.o(RESET)
 <LI><a href="#[2d]">MWU_IRQHandler</a> from arm_startup_nrf52.o(.text) referenced from arm_startup_nrf52.o(RESET)
 <LI><a href="#[8]">MemoryManagement_Handler</a> from arm_startup_nrf52.o(.text) referenced from arm_startup_nrf52.o(RESET)
 <LI><a href="#[14]">NFCT_IRQHandler</a> from arm_startup_nrf52.o(.text) referenced from arm_startup_nrf52.o(RESET)
 <LI><a href="#[6]">NMI_Handler</a> from arm_startup_nrf52.o(.text) referenced from arm_startup_nrf52.o(RESET)
 <LI><a href="#[2c]">PDM_IRQHandler</a> from arm_startup_nrf52.o(.text) referenced from arm_startup_nrf52.o(RESET)
 <LI><a href="#[f]">POWER_CLOCK_IRQHandler</a> from nrf_drv_clock.o(i.POWER_CLOCK_IRQHandler) referenced from arm_startup_nrf52.o(RESET)
 <LI><a href="#[2b]">PWM0_IRQHandler</a> from arm_startup_nrf52.o(.text) referenced from arm_startup_nrf52.o(RESET)
 <LI><a href="#[2e]">PWM1_IRQHandler</a> from arm_startup_nrf52.o(.text) referenced from arm_startup_nrf52.o(RESET)
 <LI><a href="#[2f]">PWM2_IRQHandler</a> from arm_startup_nrf52.o(.text) referenced from arm_startup_nrf52.o(RESET)
 <LI><a href="#[d]">PendSV_Handler</a> from port.o(.emb_text) referenced from arm_startup_nrf52.o(RESET)
 <LI><a href="#[21]">QDEC_IRQHandler</a> from arm_startup_nrf52.o(.text) referenced from arm_startup_nrf52.o(RESET)
 <LI><a href="#[10]">RADIO_IRQHandler</a> from arm_startup_nrf52.o(.text) referenced from arm_startup_nrf52.o(RESET)
 <LI><a href="#[1c]">RNG_IRQHandler</a> from arm_startup_nrf52.o(.text) referenced from arm_startup_nrf52.o(RESET)
 <LI><a href="#[1a]">RTC0_IRQHandler</a> from arm_startup_nrf52.o(.text) referenced from arm_startup_nrf52.o(RESET)
 <LI><a href="#[20]">RTC1_IRQHandler</a> from port_cmsis_systick.o(i.RTC1_IRQHandler) referenced from arm_startup_nrf52.o(RESET)
 <LI><a href="#[31]">RTC2_IRQHandler</a> from arm_startup_nrf52.o(.text) referenced from arm_startup_nrf52.o(RESET)
 <LI><a href="#[6a]">RTC_timer_handler</a> from rtc.o(i.RTC_timer_handler) referenced from rtc.o(i.RTC_Init)
 <LI><a href="#[5]">Reset_Handler</a> from arm_startup_nrf52.o(.text) referenced from arm_startup_nrf52.o(RESET)
 <LI><a href="#[16]">SAADC_IRQHandler</a> from nrf_drv_saadc.o(i.SAADC_IRQHandler) referenced from arm_startup_nrf52.o(RESET)
 <LI><a href="#[6b]">SFE_exti_callback</a> from clingtask_input.o(i.SFE_exti_callback) referenced from clingtask_input.o(i.SFE_touch_key_init)
 <LI><a href="#[12]">SPIM0_SPIS0_TWIM0_TWIS0_SPI0_TWI0_IRQHandler</a> from nrf_drv_common.o(i.SPIM0_SPIS0_TWIM0_TWIS0_SPI0_TWI0_IRQHandler) referenced from arm_startup_nrf52.o(RESET)
 <LI><a href="#[13]">SPIM1_SPIS1_TWIM1_TWIS1_SPI1_TWI1_IRQHandler</a> from nrf_drv_common.o(i.SPIM1_SPIS1_TWIM1_TWIS1_SPI1_TWI1_IRQHandler) referenced from arm_startup_nrf52.o(RESET)
 <LI><a href="#[30]">SPIM2_SPIS2_SPI2_IRQHandler</a> from arm_startup_nrf52.o(.text) referenced from arm_startup_nrf52.o(RESET)
 <LI><a href="#[b]">SVC_Handler</a> from port.o(.emb_text) referenced from arm_startup_nrf52.o(RESET)
 <LI><a href="#[23]">SWI0_EGU0_IRQHandler</a> from arm_startup_nrf52.o(.text) referenced from arm_startup_nrf52.o(RESET)
 <LI><a href="#[24]">SWI1_EGU1_IRQHandler</a> from arm_startup_nrf52.o(.text) referenced from arm_startup_nrf52.o(RESET)
 <LI><a href="#[25]">SWI2_EGU2_IRQHandler</a> from softdevice_handler.o(i.SWI2_EGU2_IRQHandler) referenced from arm_startup_nrf52.o(RESET)
 <LI><a href="#[26]">SWI3_EGU3_IRQHandler</a> from arm_startup_nrf52.o(.text) referenced from arm_startup_nrf52.o(RESET)
 <LI><a href="#[27]">SWI4_EGU4_IRQHandler</a> from arm_startup_nrf52.o(.text) referenced from arm_startup_nrf52.o(RESET)
 <LI><a href="#[28]">SWI5_EGU5_IRQHandler</a> from arm_startup_nrf52.o(.text) referenced from arm_startup_nrf52.o(RESET)
 <LI><a href="#[e]">SysTick_Handler</a> from arm_startup_nrf52.o(.text) referenced from arm_startup_nrf52.o(RESET)
 <LI><a href="#[36]">SystemInit</a> from system_nrf52.o(i.SystemInit) referenced from arm_startup_nrf52.o(.text)
 <LI><a href="#[1b]">TEMP_IRQHandler</a> from arm_startup_nrf52.o(.text) referenced from arm_startup_nrf52.o(RESET)
 <LI><a href="#[17]">TIMER0_IRQHandler</a> from arm_startup_nrf52.o(.text) referenced from arm_startup_nrf52.o(RESET)
 <LI><a href="#[18]">TIMER1_IRQHandler</a> from arm_startup_nrf52.o(.text) referenced from arm_startup_nrf52.o(RESET)
 <LI><a href="#[19]">TIMER2_IRQHandler</a> from arm_startup_nrf52.o(.text) referenced from arm_startup_nrf52.o(RESET)
 <LI><a href="#[29]">TIMER3_IRQHandler</a> from arm_startup_nrf52.o(.text) referenced from arm_startup_nrf52.o(RESET)
 <LI><a href="#[2a]">TIMER4_IRQHandler</a> from arm_startup_nrf52.o(.text) referenced from arm_startup_nrf52.o(RESET)
 <LI><a href="#[11]">UARTE0_UART0_IRQHandler</a> from nrf_drv_uart.o(i.UARTE0_UART0_IRQHandler) referenced from arm_startup_nrf52.o(RESET)
 <LI><a href="#[68]">UI_oled_timer_callback</a> from clingtask_ouptut.o(i.UI_oled_timer_callback) referenced from oled.o(i.OLED_state_machine)
 <LI><a href="#[73]">UI_rendering_timer_callback</a> from clingtask_ouptut.o(i.UI_rendering_timer_callback) referenced from ui.o(i.UI_init)
 <LI><a href="#[a]">UsageFault_Handler</a> from arm_startup_nrf52.o(.text) referenced from arm_startup_nrf52.o(RESET)
 <LI><a href="#[1f]">WDT_IRQHandler</a> from arm_startup_nrf52.o(.text) referenced from arm_startup_nrf52.o(RESET)
 <LI><a href="#[37]">__main</a> from entry.o(.ARM.Collect$$$$00000000) referenced from arm_startup_nrf52.o(.text)
 <LI><a href="#[80]">_on_ble_evt</a> from ble_cling.o(i._on_ble_evt) referenced from ble_cling.o(i.cling_service_init)
 <LI><a href="#[75]">_sputc</a> from printf8.o(i._sputc) referenced from printf8.o(i.__0sprintf$8)
 <LI><a href="#[6c]">acc_open</a> from spidev_hal.o(i.acc_open) referenced from spidev_hal.o(i.SpiDevHal_init)
 <LI><a href="#[4a]">adv_freq_swicth_process</a> from ble_gap_mgr.o(i.adv_freq_swicth_process) referenced from ble_gap_mgr.o(i.GapMgr_init)
 <LI><a href="#[3e]">adv_timeout_cb</a> from ble_gap_mgr.o(i.adv_timeout_cb) referenced from ble_gap_mgr.o(i.GapMgr_init)
 <LI><a href="#[38]">aes_hash_finish_cb</a> from btle.o(i.aes_hash_finish_cb) referenced from btle.o(i.BTLE_aes_decrypt)
 <LI><a href="#[38]">aes_hash_finish_cb</a> from btle.o(i.aes_hash_finish_cb) referenced from btle.o(i.BTLE_aes_encrypt)
 <LI><a href="#[77]">ble_evt_dispatch</a> from ble_peripheral_task.o(i.ble_evt_dispatch) referenced from ble_peripheral_task.o(i.ble_stack_init)
 <LI><a href="#[76]">ble_new_event_handler</a> from ble_peripheral_task.o(i.ble_new_event_handler) referenced from ble_peripheral_task.o(i.ble_stack_init)
 <LI><a href="#[7f]">ble_peripheral_task</a> from ble_peripheral_task.o(i.ble_peripheral_task) referenced from clingtask.o(i.cling_init_task)
 <LI><a href="#[79]">ble_rev_process</a> from btle.o(i.ble_rev_process) referenced from btle.o(i.btle_init)
 <LI><a href="#[90]">bsp_button_event_handler</a> from bsp.o(i.bsp_button_event_handler) referenced from bsp.o(.constdata)
 <LI><a href="#[7a]">btle_on_connect</a> from btle.o(i.btle_on_connect) referenced from btle.o(i.btle_init)
 <LI><a href="#[7b]">btle_on_disconnect</a> from btle.o(i.btle_on_disconnect) referenced from btle.o(i.btle_init)
 <LI><a href="#[86]">cling_init_task</a> from clingtask.o(i.cling_init_task) referenced from main.o(i.main)
 <LI><a href="#[7d]">cling_task_core_fsm</a> from clingtask.o(i.cling_task_core_fsm) referenced from clingtask.o(i.cling_init_task)
 <LI><a href="#[7c]">cling_task_input</a> from clingtask_input.o(i.cling_task_input) referenced from clingtask.o(i.cling_init_task)
 <LI><a href="#[7e]">cling_task_output</a> from clingtask_ouptut.o(i.cling_task_output) referenced from clingtask.o(i.cling_init_task)
 <LI><a href="#[3d]">close</a> from battmgr_hal.o(i.close) referenced from battmgr_hal.o(i.BattMgrHal_init)
 <LI><a href="#[63]">close</a> from i2cdev_hal.o(i.close) referenced from i2cdev_hal.o(i.I2CDevHal_init)
 <LI><a href="#[71]">close</a> from spidev_hal.o(i.close) referenced from spidev_hal.o(i.SpiDevHal_init)
 <LI><a href="#[4b]">decrypt</a> from aes_hal.o(i.decrypt) referenced from aes_hal.o(i.HalAes_init)
 <LI><a href="#[51]">disable_all</a> from exti_hal.o(i.disable_all) referenced from exti_hal.o(i.HalExti_init)
 <LI><a href="#[4e]">disable_clock</a> from aes_hal.o(i.disable_clock) referenced from aes_hal.o(i.HalAes_init)
 <LI><a href="#[44]">disconnect</a> from ble_gap_mgr.o(i.disconnect) referenced from ble_gap_mgr.o(i.GapMgr_init)
 <LI><a href="#[50]">enable_all</a> from exti_hal.o(i.enable_all) referenced from exti_hal.o(i.HalExti_init)
 <LI><a href="#[4d]">enable_clock</a> from aes_hal.o(i.enable_clock) referenced from aes_hal.o(i.HalAes_init)
 <LI><a href="#[4c]">encrypt</a> from aes_hal.o(i.encrypt) referenced from aes_hal.o(i.HalAes_init)
 <LI><a href="#[5c]">erase_all</a> from ota_hal.o(i.erase_all) referenced from ota_hal.o(i.HalOta_init)
 <LI><a href="#[5a]">erase_one_block_32k</a> from ota_hal.o(i.erase_one_block_32k) referenced from ota_hal.o(i.HalOta_init)
 <LI><a href="#[58]">erase_one_block_4k</a> from ota_hal.o(i.erase_one_block_4k) referenced from ota_hal.o(i.HalOta_init)
 <LI><a href="#[59]">erase_one_block_64k</a> from ota_hal.o(i.erase_one_block_64k) referenced from ota_hal.o(i.HalOta_init)
 <LI><a href="#[45]">event_process</a> from ble_gap_mgr.o(i.event_process) referenced from ble_gap_mgr.o(i.GapMgr_init)
 <LI><a href="#[87]">fds_evt_handler</a> from peer_data_storage.o(i.fds_evt_handler) referenced from peer_data_storage.o(i.pds_init)
 <LI><a href="#[6d]">flash_open</a> from spidev_hal.o(i.flash_open) referenced from spidev_hal.o(i.SpiDevHal_init)
 <LI><a href="#[74]">fputc</a> from retarget.mod.o(i.fputc) referenced from printf8.o(i.__0printf$8)
 <LI><a href="#[4]">fs_event_handler</a> from fds.o(i.fs_event_handler) referenced 2 times from fds.o(fs_data)
 <LI><a href="#[2]">gcm_gscm_evt_handler</a> from gatt_cache_manager.o(i.gcm_gscm_evt_handler) referenced 2 times from gatts_cache_manager.o(.data)
 <LI><a href="#[92]">gcm_im_evt_handler</a> from gatt_cache_manager.o(i.gcm_im_evt_handler) referenced from id_manager.o(.constdata)
 <LI><a href="#[9a]">gcm_smd_evt_handler</a> from gatt_cache_manager.o(i.gcm_smd_evt_handler) referenced from security_dispatcher.o(.constdata)
 <LI><a href="#[42]">get_device_id_str</a> from ble_gap_mgr.o(i.get_device_id_str) referenced from ble_gap_mgr.o(i.GapMgr_init)
 <LI><a href="#[5b]">get_erase_size</a> from ota_hal.o(i.get_erase_size) referenced from ota_hal.o(i.HalOta_init)
 <LI><a href="#[55]">get_size</a> from ota_hal.o(i.get_size) referenced from ota_hal.o(i.HalOta_init)
 <LI><a href="#[54]">get_status_register</a> from ota_hal.o(i.get_status_register) referenced from ota_hal.o(i.HalOta_init)
 <LI><a href="#[65]">gps_open</a> from i2cdev_hal.o(i.gps_open) referenced from i2cdev_hal.o(i.I2CDevHal_init)
 <LI><a href="#[98]">gscm_pdb_evt_handler</a> from gatts_cache_manager.o(i.gscm_pdb_evt_handler) referenced from peer_database.o(.constdata)
 <LI><a href="#[95]">im_pdb_evt_handler</a> from id_manager.o(i.im_pdb_evt_handler) referenced from peer_database.o(.constdata)
 <LI><a href="#[9c]">irq_handler_for_instance_0</a> from nrf_drv_spi.o(i.irq_handler_for_instance_0) referenced from nrf_drv_spi.o(.constdata)
 <LI><a href="#[9d]">irq_handler_for_instance_1</a> from nrf_drv_twi.o(i.irq_handler_for_instance_1) referenced from nrf_drv_twi.o(.constdata)
 <LI><a href="#[5f]">isr_routine</a> from rtc_hal.o(i.isr_routine) referenced from rtc_hal.o(i.HalRtc_init)
 <LI><a href="#[85]">link_idle</a> from link.o(i.link_idle) referenced from link.o(i.link_idle)
 <LI><a href="#[85]">link_idle</a> from link.o(i.link_idle) referenced from link.o(i.link_init)
 <LI><a href="#[3]">link_init</a> from link.o(i.link_init) referenced 2 times from link.o(.data)
 <LI><a href="#[82]">link_start_auth</a> from link.o(i.link_start_auth) referenced from link.o(i.link_idle)
 <LI><a href="#[83]">link_wait_for_check_flag</a> from link.o(i.link_wait_for_check_flag) referenced from link.o(i.link_idle)
 <LI><a href="#[84]">link_write_link_info</a> from link.o(i.link_write_link_info) referenced from link.o(i.link_idle)
 <LI><a href="#[34]">main</a> from main.o(i.main) referenced from entry9a.o(.ARM.Collect$$$$0000000B)
 <LI><a href="#[81]">nrf_drv_gpiote_callback</a> from exti_hal.o(i.nrf_drv_gpiote_callback) referenced from exti_hal.o(i.hw_exti_init)
 <LI><a href="#[72]">oled_open</a> from spidev_hal.o(i.oled_open) referenced from spidev_hal.o(i.SpiDevHal_init)
 <LI><a href="#[39]">open</a> from battmgr_hal.o(i.open) referenced from battmgr_hal.o(i.BattMgrHal_init)
 <LI><a href="#[57]">page_program</a> from ota_hal.o(i.page_program) referenced from ota_hal.o(i.HalOta_init)
 <LI><a href="#[93]">pdb_pds_evt_handler</a> from peer_database.o(i.pdb_pds_evt_handler) referenced from peer_data_storage.o(.constdata)
 <LI><a href="#[88]">pm_evt_handler</a> from ble_peripheral_task.o(i.pm_evt_handler) referenced from ble_peripheral_task.o(i.peer_manager_init)
 <LI><a href="#[1]">pm_gcm_evt_handler</a> from peer_manager.o(i.pm_gcm_evt_handler) referenced 2 times from gatt_cache_manager.o(.data)
 <LI><a href="#[91]">pm_im_evt_handler</a> from peer_manager.o(i.pm_im_evt_handler) referenced from id_manager.o(.constdata)
 <LI><a href="#[94]">pm_pdb_evt_handler</a> from peer_manager.o(i.pm_pdb_evt_handler) referenced from peer_database.o(.constdata)
 <LI><a href="#[9b]">pm_sm_evt_handler</a> from peer_manager.o(i.pm_sm_evt_handler) referenced from security_manager.o(.constdata)
 <LI><a href="#[64]">pmu_open</a> from i2cdev_hal.o(i.pmu_open) referenced from i2cdev_hal.o(i.I2CDevHal_init)
 <LI><a href="#[66]">ppg_open</a> from i2cdev_hal.o(i.ppg_open) referenced from i2cdev_hal.o(i.I2CDevHal_init)
 <LI><a href="#[8c]">prvIdleTask</a> from tasks.o(i.prvIdleTask) referenced from tasks.o(i.vTaskStartScheduler)
 <LI><a href="#[89]">prvTaskExitError</a> from port_cmsis.o(i.prvTaskExitError) referenced from port_cmsis.o(i.pxPortInitialiseStack)
 <LI><a href="#[8f]">prvTimerTask</a> from timers.o(i.prvTimerTask) referenced from timers.o(i.xTimerCreateTimerTask)
 <LI><a href="#[3a]">read</a> from battmgr_hal.o(i.read) referenced from battmgr_hal.o(i.BattMgrHal_init)
 <LI><a href="#[60]">read</a> from i2cdev_hal.o(i.read) referenced from i2cdev_hal.o(i.I2CDevHal_init)
 <LI><a href="#[6e]">read</a> from spidev_hal.o(i.read) referenced from spidev_hal.o(i.SpiDevHal_init)
 <LI><a href="#[3b]">read_async</a> from battmgr_hal.o(i.read_async) referenced from battmgr_hal.o(i.BattMgrHal_init)
 <LI><a href="#[56]">read_data</a> from ota_hal.o(i.read_data) referenced from ota_hal.o(i.HalOta_init)
 <LI><a href="#[46]">reboot_on_diconnect</a> from ble_gap_mgr.o(i.reboot_on_diconnect) referenced from ble_gap_mgr.o(i.GapMgr_init)
 <LI><a href="#[4f]">reg_isr</a> from exti_hal.o(i.reg_isr) referenced from exti_hal.o(i.HalExti_init)
 <LI><a href="#[5d]">reg_isr</a> from rtc_hal.o(i.reg_isr) referenced from rtc_hal.o(i.HalRtc_init)
 <LI><a href="#[3c]">reg_usb_charger_event</a> from battmgr_hal.o(i.reg_usb_charger_event) referenced from battmgr_hal.o(i.BattMgrHal_init)
 <LI><a href="#[49]">register_task</a> from ble_gap_mgr.o(i.register_task) referenced from ble_gap_mgr.o(i.GapMgr_init)
 <LI><a href="#[8a]">saadc_event_callback</a> from battmgr_hal.o(i.saadc_event_callback) referenced from battmgr_hal.o(i.read)
 <LI><a href="#[41]">set_adv_data</a> from ble_gap_mgr.o(i.set_adv_data) referenced from ble_gap_mgr.o(i.GapMgr_init)
 <LI><a href="#[43]">set_device_name</a> from ble_gap_mgr.o(i.set_device_name) referenced from ble_gap_mgr.o(i.GapMgr_init)
 <LI><a href="#[47]">set_fast_conn_para</a> from ble_gap_mgr.o(i.set_fast_conn_para) referenced from ble_gap_mgr.o(i.GapMgr_init)
 <LI><a href="#[48]">set_slow_conn_para</a> from ble_gap_mgr.o(i.set_slow_conn_para) referenced from ble_gap_mgr.o(i.GapMgr_init)
 <LI><a href="#[96]">sm_pdb_evt_handler</a> from security_manager.o(i.sm_pdb_evt_handler) referenced from peer_database.o(.constdata)
 <LI><a href="#[99]">sm_smd_evt_handler</a> from security_manager.o(i.sm_smd_evt_handler) referenced from security_dispatcher.o(.constdata)
 <LI><a href="#[97]">smd_pdb_evt_handler</a> from security_dispatcher.o(i.smd_pdb_evt_handler) referenced from peer_database.o(.constdata)
 <LI><a href="#[8b]">softdevice_fault_handler</a> from softdevice_handler.o(i.softdevice_fault_handler) referenced from softdevice_handler.o(i.softdevice_handler_init)
 <LI><a href="#[8e]">spi_master_0_event_handler</a> from spidev_hal.o(i.spi_master_0_event_handler) referenced from spidev_hal.o(i.write_read)
 <LI><a href="#[5e]">start</a> from rtc_hal.o(i.start) referenced from rtc_hal.o(i.HalRtc_init)
 <LI><a href="#[3f]">start_adv</a> from ble_gap_mgr.o(i.start_adv) referenced from ble_gap_mgr.o(i.GapMgr_init)
 <LI><a href="#[40]">stop_adv</a> from ble_gap_mgr.o(i.stop_adv) referenced from ble_gap_mgr.o(i.GapMgr_init)
 <LI><a href="#[78]">sys_evt_dispatch</a> from ble_peripheral_task.o(i.sys_evt_dispatch) referenced from ble_peripheral_task.o(i.ble_stack_init)
 <LI><a href="#[8d]">twi_handler</a> from i2cdev_hal.o(i.twi_handler) referenced from i2cdev_hal.o(i.write)
 <LI><a href="#[8d]">twi_handler</a> from i2cdev_hal.o(i.twi_handler) referenced from i2cdev_hal.o(i.write_read)
 <LI><a href="#[61]">write</a> from i2cdev_hal.o(i.write) referenced from i2cdev_hal.o(i.I2CDevHal_init)
 <LI><a href="#[6f]">write</a> from spidev_hal.o(i.write) referenced from spidev_hal.o(i.SpiDevHal_init)
 <LI><a href="#[53]">write_disable</a> from ota_hal.o(i.write_disable) referenced from ota_hal.o(i.HalOta_init)
 <LI><a href="#[52]">write_enable</a> from ota_hal.o(i.write_enable) referenced from ota_hal.o(i.HalOta_init)
 <LI><a href="#[62]">write_read</a> from i2cdev_hal.o(i.write_read) referenced from i2cdev_hal.o(i.I2CDevHal_init)
 <LI><a href="#[70]">write_read</a> from spidev_hal.o(i.write_read) referenced from spidev_hal.o(i.SpiDevHal_init)
</UL>
<P>
<H3>
Global Symbols
</H3>
<P><STRONG><a name="[37]"></a>__main</STRONG> (Thumb, 0 bytes, Stack size unknown bytes, entry.o(.ARM.Collect$$$$00000000))
<BR>[Address Reference Count : 1]<UL><LI> arm_startup_nrf52.o(.text)
</UL>
<P><STRONG><a name="[4c6]"></a>_main_stk</STRONG> (Thumb, 0 bytes, Stack size unknown bytes, entry2.o(.ARM.Collect$$$$00000001))

<P><STRONG><a name="[9e]"></a>_main_scatterload</STRONG> (Thumb, 0 bytes, Stack size unknown bytes, entry5.o(.ARM.Collect$$$$00000004))
<BR><BR>[Calls]<UL><LI><a href="#[9f]">&gt;&gt;</a>&nbsp;&nbsp;&nbsp;__scatterload
</UL>

<P><STRONG><a name="[b4]"></a>__main_after_scatterload</STRONG> (Thumb, 0 bytes, Stack size unknown bytes, entry5.o(.ARM.Collect$$$$00000004))
<BR><BR>[Called By]<UL><LI><a href="#[9f]">&gt;&gt;</a>&nbsp;&nbsp;&nbsp;__scatterload
</UL>

<P><STRONG><a name="[4c7]"></a>_main_clock</STRONG> (Thumb, 0 bytes, Stack size unknown bytes, entry7b.o(.ARM.Collect$$$$00000008))

<P><STRONG><a name="[4c8]"></a>_main_cpp_init</STRONG> (Thumb, 0 bytes, Stack size unknown bytes, entry8b.o(.ARM.Collect$$$$0000000A))

<P><STRONG><a name="[4c9]"></a>_main_init</STRONG> (Thumb, 0 bytes, Stack size unknown bytes, entry9a.o(.ARM.Collect$$$$0000000B))

<P><STRONG><a name="[4ca]"></a>__rt_final_cpp</STRONG> (Thumb, 0 bytes, Stack size unknown bytes, entry10a.o(.ARM.Collect$$$$0000000D))

<P><STRONG><a name="[4cb]"></a>__rt_final_exit</STRONG> (Thumb, 0 bytes, Stack size unknown bytes, entry11a.o(.ARM.Collect$$$$0000000F))

<P><STRONG><a name="[b]"></a>SVC_Handler</STRONG> (Thumb, 28 bytes, Stack size 0 bytes, port.o(.emb_text))
<BR>[Address Reference Count : 1]<UL><LI> arm_startup_nrf52.o(RESET)
</UL>
<P><STRONG><a name="[4bd]"></a>vPortStartFirstTask</STRONG> (Thumb, 32 bytes, Stack size 0 bytes, port.o(.emb_text))
<BR><BR>[Called By]<UL><LI><a href="#[4b6]">&gt;&gt;</a>&nbsp;&nbsp;&nbsp;xPortStartScheduler
</UL>

<P><STRONG><a name="[d]"></a>PendSV_Handler</STRONG> (Thumb, 88 bytes, Stack size 0 bytes, port.o(.emb_text))
<BR><BR>[Stack]<UL><LI>Max Depth = 56<LI>Call Chain = PendSV_Handler &rArr; vTaskSwitchContext &rArr; vApplicationStackOverflowHook &rArr; __2printf
</UL>
<BR>[Calls]<UL><LI><a href="#[a0]">&gt;&gt;</a>&nbsp;&nbsp;&nbsp;vTaskSwitchContext
</UL>
<BR>[Address Reference Count : 1]<UL><LI> arm_startup_nrf52.o(RESET)
</UL>
<P><STRONG><a name="[7]"></a>HardFault_Handler</STRONG> (Thumb, 40 bytes, Stack size 0 bytes, hardfault_handler_keil.o(.emb_text))
<BR>[Address Reference Count : 1]<UL><LI> arm_startup_nrf52.o(RESET)
</UL>
<P><STRONG><a name="[5]"></a>Reset_Handler</STRONG> (Thumb, 8 bytes, Stack size 0 bytes, arm_startup_nrf52.o(.text))
<BR>[Address Reference Count : 1]<UL><LI> arm_startup_nrf52.o(RESET)
</UL>
<P><STRONG><a name="[6]"></a>NMI_Handler</STRONG> (Thumb, 2 bytes, Stack size 0 bytes, arm_startup_nrf52.o(.text))
<BR><BR>[Calls]<UL><LI><a href="#[6]">&gt;&gt;</a>&nbsp;&nbsp;&nbsp;NMI_Handler
</UL>
<BR>[Called By]<UL><LI><a href="#[6]">&gt;&gt;</a>&nbsp;&nbsp;&nbsp;NMI_Handler
</UL>
<BR>[Address Reference Count : 1]<UL><LI> arm_startup_nrf52.o(RESET)
</UL>
<P><STRONG><a name="[8]"></a>MemoryManagement_Handler</STRONG> (Thumb, 2 bytes, Stack size 0 bytes, arm_startup_nrf52.o(.text))
<BR><BR>[Calls]<UL><LI><a href="#[8]">&gt;&gt;</a>&nbsp;&nbsp;&nbsp;MemoryManagement_Handler
</UL>
<BR>[Called By]<UL><LI><a href="#[8]">&gt;&gt;</a>&nbsp;&nbsp;&nbsp;MemoryManagement_Handler
</UL>
<BR>[Address Reference Count : 1]<UL><LI> arm_startup_nrf52.o(RESET)
</UL>
<P><STRONG><a name="[9]"></a>BusFault_Handler</STRONG> (Thumb, 2 bytes, Stack size 0 bytes, arm_startup_nrf52.o(.text))
<BR><BR>[Calls]<UL><LI><a href="#[9]">&gt;&gt;</a>&nbsp;&nbsp;&nbsp;BusFault_Handler
</UL>
<BR>[Called By]<UL><LI><a href="#[9]">&gt;&gt;</a>&nbsp;&nbsp;&nbsp;BusFault_Handler
</UL>
<BR>[Address Reference Count : 1]<UL><LI> arm_startup_nrf52.o(RESET)
</UL>
<P><STRONG><a name="[a]"></a>UsageFault_Handler</STRONG> (Thumb, 2 bytes, Stack size 0 bytes, arm_startup_nrf52.o(.text))
<BR><BR>[Calls]<UL><LI><a href="#[a]">&gt;&gt;</a>&nbsp;&nbsp;&nbsp;UsageFault_Handler
</UL>
<BR>[Called By]<UL><LI><a href="#[a]">&gt;&gt;</a>&nbsp;&nbsp;&nbsp;UsageFault_Handler
</UL>
<BR>[Address Reference Count : 1]<UL><LI> arm_startup_nrf52.o(RESET)
</UL>
<P><STRONG><a name="[c]"></a>DebugMon_Handler</STRONG> (Thumb, 2 bytes, Stack size 0 bytes, arm_startup_nrf52.o(.text))
<BR><BR>[Calls]<UL><LI><a href="#[c]">&gt;&gt;</a>&nbsp;&nbsp;&nbsp;DebugMon_Handler
</UL>
<BR>[Called By]<UL><LI><a href="#[c]">&gt;&gt;</a>&nbsp;&nbsp;&nbsp;DebugMon_Handler
</UL>
<BR>[Address Reference Count : 1]<UL><LI> arm_startup_nrf52.o(RESET)
</UL>
<P><STRONG><a name="[e]"></a>SysTick_Handler</STRONG> (Thumb, 2 bytes, Stack size 0 bytes, arm_startup_nrf52.o(.text))
<BR><BR>[Calls]<UL><LI><a href="#[e]">&gt;&gt;</a>&nbsp;&nbsp;&nbsp;SysTick_Handler
</UL>
<BR>[Called By]<UL><LI><a href="#[e]">&gt;&gt;</a>&nbsp;&nbsp;&nbsp;SysTick_Handler
</UL>
<BR>[Address Reference Count : 1]<UL><LI> arm_startup_nrf52.o(RESET)
</UL>
<P><STRONG><a name="[1e]"></a>CCM_AAR_IRQHandler</STRONG> (Thumb, 0 bytes, Stack size 0 bytes, arm_startup_nrf52.o(.text))
<BR><BR>[Calls]<UL><LI><a href="#[1e]">&gt;&gt;</a>&nbsp;&nbsp;&nbsp;CCM_AAR_IRQHandler
</UL>
<BR>[Called By]<UL><LI><a href="#[1e]">&gt;&gt;</a>&nbsp;&nbsp;&nbsp;CCM_AAR_IRQHandler
</UL>
<BR>[Address Reference Count : 1]<UL><LI> arm_startup_nrf52.o(RESET)
</UL>
<P><STRONG><a name="[22]"></a>COMP_LPCOMP_IRQHandler</STRONG> (Thumb, 0 bytes, Stack size 0 bytes, arm_startup_nrf52.o(.text))
<BR>[Address Reference Count : 1]<UL><LI> arm_startup_nrf52.o(RESET)
</UL>
<P><STRONG><a name="[1d]"></a>ECB_IRQHandler</STRONG> (Thumb, 0 bytes, Stack size 0 bytes, arm_startup_nrf52.o(.text))
<BR>[Address Reference Count : 1]<UL><LI> arm_startup_nrf52.o(RESET)
</UL>
<P><STRONG><a name="[33]"></a>FPU_IRQHandler</STRONG> (Thumb, 0 bytes, Stack size 0 bytes, arm_startup_nrf52.o(.text))
<BR>[Address Reference Count : 1]<UL><LI> arm_startup_nrf52.o(RESET)
</UL>
<P><STRONG><a name="[32]"></a>I2S_IRQHandler</STRONG> (Thumb, 0 bytes, Stack size 0 bytes, arm_startup_nrf52.o(.text))
<BR>[Address Reference Count : 1]<UL><LI> arm_startup_nrf52.o(RESET)
</UL>
<P><STRONG><a name="[2d]"></a>MWU_IRQHandler</STRONG> (Thumb, 0 bytes, Stack size 0 bytes, arm_startup_nrf52.o(.text))
<BR>[Address Reference Count : 1]<UL><LI> arm_startup_nrf52.o(RESET)
</UL>
<P><STRONG><a name="[14]"></a>NFCT_IRQHandler</STRONG> (Thumb, 0 bytes, Stack size 0 bytes, arm_startup_nrf52.o(.text))
<BR>[Address Reference Count : 1]<UL><LI> arm_startup_nrf52.o(RESET)
</UL>
<P><STRONG><a name="[2c]"></a>PDM_IRQHandler</STRONG> (Thumb, 0 bytes, Stack size 0 bytes, arm_startup_nrf52.o(.text))
<BR>[Address Reference Count : 1]<UL><LI> arm_startup_nrf52.o(RESET)
</UL>
<P><STRONG><a name="[2b]"></a>PWM0_IRQHandler</STRONG> (Thumb, 0 bytes, Stack size 0 bytes, arm_startup_nrf52.o(.text))
<BR>[Address Reference Count : 1]<UL><LI> arm_startup_nrf52.o(RESET)
</UL>
<P><STRONG><a name="[2e]"></a>PWM1_IRQHandler</STRONG> (Thumb, 0 bytes, Stack size 0 bytes, arm_startup_nrf52.o(.text))
<BR>[Address Reference Count : 1]<UL><LI> arm_startup_nrf52.o(RESET)
</UL>
<P><STRONG><a name="[2f]"></a>PWM2_IRQHandler</STRONG> (Thumb, 0 bytes, Stack size 0 bytes, arm_startup_nrf52.o(.text))
<BR>[Address Reference Count : 1]<UL><LI> arm_startup_nrf52.o(RESET)
</UL>
<P><STRONG><a name="[21]"></a>QDEC_IRQHandler</STRONG> (Thumb, 0 bytes, Stack size 0 bytes, arm_startup_nrf52.o(.text))
<BR>[Address Reference Count : 1]<UL><LI> arm_startup_nrf52.o(RESET)
</UL>
<P><STRONG><a name="[10]"></a>RADIO_IRQHandler</STRONG> (Thumb, 0 bytes, Stack size 0 bytes, arm_startup_nrf52.o(.text))
<BR>[Address Reference Count : 1]<UL><LI> arm_startup_nrf52.o(RESET)
</UL>
<P><STRONG><a name="[1c]"></a>RNG_IRQHandler</STRONG> (Thumb, 0 bytes, Stack size 0 bytes, arm_startup_nrf52.o(.text))
<BR>[Address Reference Count : 1]<UL><LI> arm_startup_nrf52.o(RESET)
</UL>
<P><STRONG><a name="[1a]"></a>RTC0_IRQHandler</STRONG> (Thumb, 0 bytes, Stack size 0 bytes, arm_startup_nrf52.o(.text))
<BR>[Address Reference Count : 1]<UL><LI> arm_startup_nrf52.o(RESET)
</UL>
<P><STRONG><a name="[31]"></a>RTC2_IRQHandler</STRONG> (Thumb, 0 bytes, Stack size 0 bytes, arm_startup_nrf52.o(.text))
<BR>[Address Reference Count : 1]<UL><LI> arm_startup_nrf52.o(RESET)
</UL>
<P><STRONG><a name="[30]"></a>SPIM2_SPIS2_SPI2_IRQHandler</STRONG> (Thumb, 0 bytes, Stack size 0 bytes, arm_startup_nrf52.o(.text))
<BR>[Address Reference Count : 1]<UL><LI> arm_startup_nrf52.o(RESET)
</UL>
<P><STRONG><a name="[23]"></a>SWI0_EGU0_IRQHandler</STRONG> (Thumb, 0 bytes, Stack size 0 bytes, arm_startup_nrf52.o(.text))
<BR>[Address Reference Count : 1]<UL><LI> arm_startup_nrf52.o(RESET)
</UL>
<P><STRONG><a name="[24]"></a>SWI1_EGU1_IRQHandler</STRONG> (Thumb, 0 bytes, Stack size 0 bytes, arm_startup_nrf52.o(.text))
<BR>[Address Reference Count : 1]<UL><LI> arm_startup_nrf52.o(RESET)
</UL>
<P><STRONG><a name="[26]"></a>SWI3_EGU3_IRQHandler</STRONG> (Thumb, 0 bytes, Stack size 0 bytes, arm_startup_nrf52.o(.text))
<BR>[Address Reference Count : 1]<UL><LI> arm_startup_nrf52.o(RESET)
</UL>
<P><STRONG><a name="[27]"></a>SWI4_EGU4_IRQHandler</STRONG> (Thumb, 0 bytes, Stack size 0 bytes, arm_startup_nrf52.o(.text))
<BR>[Address Reference Count : 1]<UL><LI> arm_startup_nrf52.o(RESET)
</UL>
<P><STRONG><a name="[28]"></a>SWI5_EGU5_IRQHandler</STRONG> (Thumb, 0 bytes, Stack size 0 bytes, arm_startup_nrf52.o(.text))
<BR>[Address Reference Count : 1]<UL><LI> arm_startup_nrf52.o(RESET)
</UL>
<P><STRONG><a name="[1b]"></a>TEMP_IRQHandler</STRONG> (Thumb, 0 bytes, Stack size 0 bytes, arm_startup_nrf52.o(.text))
<BR>[Address Reference Count : 1]<UL><LI> arm_startup_nrf52.o(RESET)
</UL>
<P><STRONG><a name="[17]"></a>TIMER0_IRQHandler</STRONG> (Thumb, 0 bytes, Stack size 0 bytes, arm_startup_nrf52.o(.text))
<BR>[Address Reference Count : 1]<UL><LI> arm_startup_nrf52.o(RESET)
</UL>
<P><STRONG><a name="[18]"></a>TIMER1_IRQHandler</STRONG> (Thumb, 0 bytes, Stack size 0 bytes, arm_startup_nrf52.o(.text))
<BR>[Address Reference Count : 1]<UL><LI> arm_startup_nrf52.o(RESET)
</UL>
<P><STRONG><a name="[19]"></a>TIMER2_IRQHandler</STRONG> (Thumb, 0 bytes, Stack size 0 bytes, arm_startup_nrf52.o(.text))
<BR>[Address Reference Count : 1]<UL><LI> arm_startup_nrf52.o(RESET)
</UL>
<P><STRONG><a name="[29]"></a>TIMER3_IRQHandler</STRONG> (Thumb, 0 bytes, Stack size 0 bytes, arm_startup_nrf52.o(.text))
<BR>[Address Reference Count : 1]<UL><LI> arm_startup_nrf52.o(RESET)
</UL>
<P><STRONG><a name="[2a]"></a>TIMER4_IRQHandler</STRONG> (Thumb, 0 bytes, Stack size 0 bytes, arm_startup_nrf52.o(.text))
<BR>[Address Reference Count : 1]<UL><LI> arm_startup_nrf52.o(RESET)
</UL>
<P><STRONG><a name="[1f]"></a>WDT_IRQHandler</STRONG> (Thumb, 0 bytes, Stack size 0 bytes, arm_startup_nrf52.o(.text))
<BR>[Address Reference Count : 1]<UL><LI> arm_startup_nrf52.o(RESET)
</UL>
<P><STRONG><a name="[4cc]"></a>___aeabi_memcpy8$move</STRONG> (Thumb, 0 bytes, Stack size 8 bytes, memmovea.o(.text), UNUSED)

<P><STRONG><a name="[f8]"></a>__aeabi_memcpy</STRONG> (Thumb, 64 bytes, Stack size 8 bytes, memmovea.o(.text))
<BR><BR>[Stack]<UL><LI>Max Depth = 8<LI>Call Chain = __aeabi_memcpy
</UL>
<BR>[Called By]<UL><LI><a href="#[451]">&gt;&gt;</a>&nbsp;&nbsp;&nbsp;prvCopyDataToQueue
<LI><a href="#[450]">&gt;&gt;</a>&nbsp;&nbsp;&nbsp;prvCopyDataFromQueue
<LI><a href="#[2a3]">&gt;&gt;</a>&nbsp;&nbsp;&nbsp;service_data_encode
<LI><a href="#[2a2]">&gt;&gt;</a>&nbsp;&nbsp;&nbsp;manuf_specific_data_encode
<LI><a href="#[411]">&gt;&gt;</a>&nbsp;&nbsp;&nbsp;pds_peer_data_read
<LI><a href="#[328]">&gt;&gt;</a>&nbsp;&nbsp;&nbsp;tx_send
<LI><a href="#[2f4]">&gt;&gt;</a>&nbsp;&nbsp;&nbsp;on_ble_evt
<LI><a href="#[1c9]">&gt;&gt;</a>&nbsp;&nbsp;&nbsp;_WriteNoCheck
<LI><a href="#[1c7]">&gt;&gt;</a>&nbsp;&nbsp;&nbsp;_WriteBlocking
<LI><a href="#[10e]">&gt;&gt;</a>&nbsp;&nbsp;&nbsp;FAT_create_fs
<LI><a href="#[108]">&gt;&gt;</a>&nbsp;&nbsp;&nbsp;_get_used_clusters
<LI><a href="#[225]">&gt;&gt;</a>&nbsp;&nbsp;&nbsp;WEATHER_set_weather
<LI><a href="#[fb]">&gt;&gt;</a>&nbsp;&nbsp;&nbsp;FLASH_Write_Flash
<LI><a href="#[fe]">&gt;&gt;</a>&nbsp;&nbsp;&nbsp;FLASH_Write_App
<LI><a href="#[12e]">&gt;&gt;</a>&nbsp;&nbsp;&nbsp;FILE_getFileInfo
<LI><a href="#[12c]">&gt;&gt;</a>&nbsp;&nbsp;&nbsp;FILE_fwrite
<LI><a href="#[12a]">&gt;&gt;</a>&nbsp;&nbsp;&nbsp;FILE_fread
<LI><a href="#[125]">&gt;&gt;</a>&nbsp;&nbsp;&nbsp;FILE_fopen
<LI><a href="#[286]">&gt;&gt;</a>&nbsp;&nbsp;&nbsp;_write_ctrl_reg
<LI><a href="#[f6]">&gt;&gt;</a>&nbsp;&nbsp;&nbsp;_store_rx_msg
<LI><a href="#[f9]">&gt;&gt;</a>&nbsp;&nbsp;&nbsp;CP_create_register_rd_msg
<LI><a href="#[f7]">&gt;&gt;</a>&nbsp;&nbsp;&nbsp;CP_create_auth_stat_msg
<LI><a href="#[279]">&gt;&gt;</a>&nbsp;&nbsp;&nbsp;_write_file_to_fs_head
<LI><a href="#[25b]">&gt;&gt;</a>&nbsp;&nbsp;&nbsp;_file_read_prepare_first_pkt
<LI><a href="#[249]">&gt;&gt;</a>&nbsp;&nbsp;&nbsp;_create_one_pkt_from_msg
<LI><a href="#[251]">&gt;&gt;</a>&nbsp;&nbsp;&nbsp;_create_file_list_msg
<LI><a href="#[24f]">&gt;&gt;</a>&nbsp;&nbsp;&nbsp;_create_dev_info_msg
<LI><a href="#[24e]">&gt;&gt;</a>&nbsp;&nbsp;&nbsp;_create_daily_activity_info_msg
<LI><a href="#[79]">&gt;&gt;</a>&nbsp;&nbsp;&nbsp;ble_rev_process
<LI><a href="#[164]">&gt;&gt;</a>&nbsp;&nbsp;&nbsp;_mapk
<LI><a href="#[160]">&gt;&gt;</a>&nbsp;&nbsp;&nbsp;LINK_state_machine_update
<LI><a href="#[179]">&gt;&gt;</a>&nbsp;&nbsp;&nbsp;NOR_readData
<LI><a href="#[115]">&gt;&gt;</a>&nbsp;&nbsp;&nbsp;ROOT_GetFileInfo
<LI><a href="#[187]">&gt;&gt;</a>&nbsp;&nbsp;&nbsp;_page_program_core
<LI><a href="#[260]">&gt;&gt;</a>&nbsp;&nbsp;&nbsp;_frame_buffer_move_forward
<LI><a href="#[25f]">&gt;&gt;</a>&nbsp;&nbsp;&nbsp;_frame_buffer_move_backward
<LI><a href="#[1ec]">&gt;&gt;</a>&nbsp;&nbsp;&nbsp;SYSTEM_get_dev_id
<LI><a href="#[43]">&gt;&gt;</a>&nbsp;&nbsp;&nbsp;set_device_name
<LI><a href="#[42]">&gt;&gt;</a>&nbsp;&nbsp;&nbsp;get_device_id_str
<LI><a href="#[4c]">&gt;&gt;</a>&nbsp;&nbsp;&nbsp;encrypt
</UL>

<P><STRONG><a name="[236]"></a>__aeabi_memcpy4</STRONG> (Thumb, 0 bytes, Stack size 8 bytes, memmovea.o(.text))
<BR><BR>[Stack]<UL><LI>Max Depth = 8<LI>Call Chain = __aeabi_memcpy4
</UL>
<BR>[Called By]<UL><LI><a href="#[237]">&gt;&gt;</a>&nbsp;&nbsp;&nbsp;ble_advertising_init
<LI><a href="#[399]">&gt;&gt;</a>&nbsp;&nbsp;&nbsp;im_ble_evt_handler
<LI><a href="#[37b]">&gt;&gt;</a>&nbsp;&nbsp;&nbsp;update_pending_flags_check
<LI><a href="#[37c]">&gt;&gt;</a>&nbsp;&nbsp;&nbsp;service_changed_pending_flags_check
<LI><a href="#[2b8]">&gt;&gt;</a>&nbsp;&nbsp;&nbsp;apply_pending_flags_check
<LI><a href="#[2e1]">&gt;&gt;</a>&nbsp;&nbsp;&nbsp;sdk_mapped_flags_key_list_get
<LI><a href="#[2e6]">&gt;&gt;</a>&nbsp;&nbsp;&nbsp;record_purge_disconnected
<LI><a href="#[33b]">&gt;&gt;</a>&nbsp;&nbsp;&nbsp;op_enqueue
<LI><a href="#[46]">&gt;&gt;</a>&nbsp;&nbsp;&nbsp;reboot_on_diconnect
<LI><a href="#[235]">&gt;&gt;</a>&nbsp;&nbsp;&nbsp;_advertising_init
</UL>

<P><STRONG><a name="[395]"></a>__aeabi_memmove</STRONG> (Thumb, 0 bytes, Stack size 8 bytes, memmovea.o(.text))
<BR><BR>[Stack]<UL><LI>Max Depth = 8<LI>Call Chain = __aeabi_memmove
</UL>
<BR>[Called By]<UL><LI><a href="#[393]">&gt;&gt;</a>&nbsp;&nbsp;&nbsp;hrm_encode
</UL>

<P><STRONG><a name="[4cd]"></a>__aeabi_memmove4</STRONG> (Thumb, 0 bytes, Stack size 8 bytes, memmovea.o(.text), UNUSED)

<P><STRONG><a name="[4ce]"></a>__aeabi_memmove8</STRONG> (Thumb, 0 bytes, Stack size 8 bytes, memmovea.o(.text), UNUSED)

<P><STRONG><a name="[a2]"></a>__aeabi_memset</STRONG> (Thumb, 14 bytes, Stack size 0 bytes, memseta.o(.text))
<BR><BR>[Called By]<UL><LI><a href="#[443]">&gt;&gt;</a>&nbsp;&nbsp;&nbsp;prvAllocateTCBAndStack
<LI><a href="#[105]">&gt;&gt;</a>&nbsp;&nbsp;&nbsp;FLASH_Read_FAT
<LI><a href="#[10a]">&gt;&gt;</a>&nbsp;&nbsp;&nbsp;FLASH_Read_BS
<LI><a href="#[10e]">&gt;&gt;</a>&nbsp;&nbsp;&nbsp;FAT_create_fs
<LI><a href="#[fd]">&gt;&gt;</a>&nbsp;&nbsp;&nbsp;FLASH_Read_App
<LI><a href="#[134]">&gt;&gt;</a>&nbsp;&nbsp;&nbsp;FLASH_Read_ROOT
<LI><a href="#[13e]">&gt;&gt;</a>&nbsp;&nbsp;&nbsp;FLASH_read_data
<LI><a href="#[a3]">&gt;&gt;</a>&nbsp;&nbsp;&nbsp;_memset$wrapper
<LI><a href="#[a1]">&gt;&gt;</a>&nbsp;&nbsp;&nbsp;__aeabi_memclr
</UL>

<P><STRONG><a name="[4cf]"></a>__aeabi_memset4</STRONG> (Thumb, 0 bytes, Stack size 0 bytes, memseta.o(.text), UNUSED)

<P><STRONG><a name="[4d0]"></a>__aeabi_memset8</STRONG> (Thumb, 0 bytes, Stack size 0 bytes, memseta.o(.text), UNUSED)

<P><STRONG><a name="[a1]"></a>__aeabi_memclr</STRONG> (Thumb, 4 bytes, Stack size 0 bytes, memseta.o(.text))
<BR><BR>[Calls]<UL><LI><a href="#[a2]">&gt;&gt;</a>&nbsp;&nbsp;&nbsp;__aeabi_memset
</UL>
<BR>[Called By]<UL><LI><a href="#[42f]">&gt;&gt;</a>&nbsp;&nbsp;&nbsp;pm_mutex_init
<LI><a href="#[3ac]">&gt;&gt;</a>&nbsp;&nbsp;&nbsp;internal_state_reset
<LI><a href="#[48e]">&gt;&gt;</a>&nbsp;&nbsp;&nbsp;smd_params_reply
<LI><a href="#[10e]">&gt;&gt;</a>&nbsp;&nbsp;&nbsp;FAT_create_fs
<LI><a href="#[1b2]">&gt;&gt;</a>&nbsp;&nbsp;&nbsp;REMINDER_setup
<LI><a href="#[167]">&gt;&gt;</a>&nbsp;&nbsp;&nbsp;_cleark
<LI><a href="#[260]">&gt;&gt;</a>&nbsp;&nbsp;&nbsp;_frame_buffer_move_forward
<LI><a href="#[25f]">&gt;&gt;</a>&nbsp;&nbsp;&nbsp;_frame_buffer_move_backward
<LI><a href="#[1e7]">&gt;&gt;</a>&nbsp;&nbsp;&nbsp;SYSTEM_backup_critical
</UL>

<P><STRONG><a name="[bc]"></a>__aeabi_memclr4</STRONG> (Thumb, 0 bytes, Stack size 0 bytes, memseta.o(.text))
<BR><BR>[Called By]<UL><LI><a href="#[237]">&gt;&gt;</a>&nbsp;&nbsp;&nbsp;ble_advertising_init
<LI><a href="#[91]">&gt;&gt;</a>&nbsp;&nbsp;&nbsp;pm_im_evt_handler
<LI><a href="#[2b0]">&gt;&gt;</a>&nbsp;&nbsp;&nbsp;ah
<LI><a href="#[1]">&gt;&gt;</a>&nbsp;&nbsp;&nbsp;pm_gcm_evt_handler
<LI><a href="#[9b]">&gt;&gt;</a>&nbsp;&nbsp;&nbsp;pm_sm_evt_handler
<LI><a href="#[94]">&gt;&gt;</a>&nbsp;&nbsp;&nbsp;pm_pdb_evt_handler
<LI><a href="#[33e]">&gt;&gt;</a>&nbsp;&nbsp;&nbsp;fds_init
<LI><a href="#[2ff]">&gt;&gt;</a>&nbsp;&nbsp;&nbsp;cling_service_init
<LI><a href="#[2f6]">&gt;&gt;</a>&nbsp;&nbsp;&nbsp;heart_rate_measurement_char_add
<LI><a href="#[2f7]">&gt;&gt;</a>&nbsp;&nbsp;&nbsp;body_sensor_location_char_add
<LI><a href="#[2ee]">&gt;&gt;</a>&nbsp;&nbsp;&nbsp;char_add
<LI><a href="#[2c8]">&gt;&gt;</a>&nbsp;&nbsp;&nbsp;battery_level_char_add
<LI><a href="#[48e]">&gt;&gt;</a>&nbsp;&nbsp;&nbsp;smd_params_reply
<LI><a href="#[35d]">&gt;&gt;</a>&nbsp;&nbsp;&nbsp;queue_get_next_free
<LI><a href="#[469]">&gt;&gt;</a>&nbsp;&nbsp;&nbsp;queue_advance
<LI><a href="#[2fd]">&gt;&gt;</a>&nbsp;&nbsp;&nbsp;services_init
<LI><a href="#[306]">&gt;&gt;</a>&nbsp;&nbsp;&nbsp;softdevice_enable_get_default_config
<LI><a href="#[bb]">&gt;&gt;</a>&nbsp;&nbsp;&nbsp;AES_set_key
<LI><a href="#[f0]">&gt;&gt;</a>&nbsp;&nbsp;&nbsp;CLING_global_init
<LI><a href="#[14a]">&gt;&gt;</a>&nbsp;&nbsp;&nbsp;GapMgr_get_instance
<LI><a href="#[10d]">&gt;&gt;</a>&nbsp;&nbsp;&nbsp;FAT_clear_fat_and_root_dir
<LI><a href="#[1e9]">&gt;&gt;</a>&nbsp;&nbsp;&nbsp;SYSTEM_factory_reset
<LI><a href="#[156]">&gt;&gt;</a>&nbsp;&nbsp;&nbsp;HalOta_get_instance
<LI><a href="#[130]">&gt;&gt;</a>&nbsp;&nbsp;&nbsp;FILE_init
<LI><a href="#[e0]">&gt;&gt;</a>&nbsp;&nbsp;&nbsp;_disconnect_clean_up
<LI><a href="#[d7]">&gt;&gt;</a>&nbsp;&nbsp;&nbsp;I2CDevHal_get_instance
<LI><a href="#[ec]">&gt;&gt;</a>&nbsp;&nbsp;&nbsp;BattMgrHal_get_instance
<LI><a href="#[19d]">&gt;&gt;</a>&nbsp;&nbsp;&nbsp;PEDO_create
<LI><a href="#[173]">&gt;&gt;</a>&nbsp;&nbsp;&nbsp;SpiDevHal_get_instance
<LI><a href="#[20f]">&gt;&gt;</a>&nbsp;&nbsp;&nbsp;_render_display_restart
<LI><a href="#[24b]">&gt;&gt;</a>&nbsp;&nbsp;&nbsp;_middle_row_render
<LI><a href="#[257]">&gt;&gt;</a>&nbsp;&nbsp;&nbsp;_display_frame_icon
<LI><a href="#[213]">&gt;&gt;</a>&nbsp;&nbsp;&nbsp;_display_charging
<LI><a href="#[27f]">&gt;&gt;</a>&nbsp;&nbsp;&nbsp;_print_out_dev_name
<LI><a href="#[235]">&gt;&gt;</a>&nbsp;&nbsp;&nbsp;_advertising_init
</UL>

<P><STRONG><a name="[4d1]"></a>__aeabi_memclr8</STRONG> (Thumb, 0 bytes, Stack size 0 bytes, memseta.o(.text), UNUSED)

<P><STRONG><a name="[a3]"></a>_memset$wrapper</STRONG> (Thumb, 18 bytes, Stack size 8 bytes, memseta.o(.text), UNUSED)
<BR><BR>[Calls]<UL><LI><a href="#[a2]">&gt;&gt;</a>&nbsp;&nbsp;&nbsp;__aeabi_memset
</UL>

<P><STRONG><a name="[117]"></a>strlen</STRONG> (Thumb, 14 bytes, Stack size 0 bytes, strlen.o(.text))
<BR><BR>[Called By]<UL><LI><a href="#[302]">&gt;&gt;</a>&nbsp;&nbsp;&nbsp;ble_srv_ascii_to_utf8
<LI><a href="#[12e]">&gt;&gt;</a>&nbsp;&nbsp;&nbsp;FILE_getFileInfo
<LI><a href="#[125]">&gt;&gt;</a>&nbsp;&nbsp;&nbsp;FILE_fopen
<LI><a href="#[112]">&gt;&gt;</a>&nbsp;&nbsp;&nbsp;FILE_GetFileNum
<LI><a href="#[43]">&gt;&gt;</a>&nbsp;&nbsp;&nbsp;set_device_name
<LI><a href="#[42]">&gt;&gt;</a>&nbsp;&nbsp;&nbsp;get_device_id_str
</UL>

<P><STRONG><a name="[119]"></a>strcmp</STRONG> (Thumb, 28 bytes, Stack size 8 bytes, strcmp.o(.text))
<BR><BR>[Stack]<UL><LI>Max Depth = 8<LI>Call Chain = strcmp
</UL>
<BR>[Called By]<UL><LI><a href="#[125]">&gt;&gt;</a>&nbsp;&nbsp;&nbsp;FILE_fopen
<LI><a href="#[118]">&gt;&gt;</a>&nbsp;&nbsp;&nbsp;FILE_delete
<LI><a href="#[279]">&gt;&gt;</a>&nbsp;&nbsp;&nbsp;_write_file_to_fs_head
<LI><a href="#[12f]">&gt;&gt;</a>&nbsp;&nbsp;&nbsp;FILE_if_exists
</UL>

<P><STRONG><a name="[298]"></a>memcmp</STRONG> (Thumb, 26 bytes, Stack size 12 bytes, memcmp.o(.text))
<BR><BR>[Stack]<UL><LI>Max Depth = 12<LI>Call Chain = memcmp
</UL>
<BR>[Called By]<UL><LI><a href="#[3a3]">&gt;&gt;</a>&nbsp;&nbsp;&nbsp;im_master_ids_compare
<LI><a href="#[3a1]">&gt;&gt;</a>&nbsp;&nbsp;&nbsp;im_is_duplicate_bonding_data
<LI><a href="#[397]">&gt;&gt;</a>&nbsp;&nbsp;&nbsp;im_address_resolve
<LI><a href="#[297]">&gt;&gt;</a>&nbsp;&nbsp;&nbsp;addr_compare
</UL>

<P><STRONG><a name="[228]"></a>strcpy</STRONG> (Thumb, 18 bytes, Stack size 0 bytes, strcpy.o(.text))
<BR><BR>[Called By]<UL><LI><a href="#[1c4]">&gt;&gt;</a>&nbsp;&nbsp;&nbsp;_DoInit
</UL>

<P><STRONG><a name="[16a]"></a>strncmp</STRONG> (Thumb, 30 bytes, Stack size 12 bytes, strncmp.o(.text))
<BR><BR>[Stack]<UL><LI>Max Depth = 12<LI>Call Chain = strncmp
</UL>
<BR>[Called By]<UL><LI><a href="#[160]">&gt;&gt;</a>&nbsp;&nbsp;&nbsp;LINK_state_machine_update
</UL>

<P><STRONG><a name="[a4]"></a>__aeabi_dadd</STRONG> (Thumb, 322 bytes, Stack size 48 bytes, dadd.o(.text))
<BR><BR>[Stack]<UL><LI>Max Depth = 88<LI>Call Chain = __aeabi_dadd &rArr; _double_epilogue &rArr; _double_round
</UL>
<BR>[Calls]<UL><LI><a href="#[a8]">&gt;&gt;</a>&nbsp;&nbsp;&nbsp;_double_round
<LI><a href="#[a7]">&gt;&gt;</a>&nbsp;&nbsp;&nbsp;_double_epilogue
<LI><a href="#[a6]">&gt;&gt;</a>&nbsp;&nbsp;&nbsp;__aeabi_lasr
<LI><a href="#[a5]">&gt;&gt;</a>&nbsp;&nbsp;&nbsp;__aeabi_llsl
</UL>
<BR>[Called By]<UL><LI><a href="#[f3]">&gt;&gt;</a>&nbsp;&nbsp;&nbsp;SYSCLK_GetFineTime
<LI><a href="#[a9]">&gt;&gt;</a>&nbsp;&nbsp;&nbsp;__aeabi_dsub
<LI><a href="#[1fa]">&gt;&gt;</a>&nbsp;&nbsp;&nbsp;_get_stride_length
<LI><a href="#[aa]">&gt;&gt;</a>&nbsp;&nbsp;&nbsp;__aeabi_drsub
</UL>

<P><STRONG><a name="[a9]"></a>__aeabi_dsub</STRONG> (Thumb, 6 bytes, Stack size 0 bytes, dadd.o(.text))
<BR><BR>[Stack]<UL><LI>Max Depth = 88<LI>Call Chain = __aeabi_dsub &rArr; __aeabi_dadd &rArr; _double_epilogue &rArr; _double_round
</UL>
<BR>[Calls]<UL><LI><a href="#[a4]">&gt;&gt;</a>&nbsp;&nbsp;&nbsp;__aeabi_dadd
</UL>
<BR>[Called By]<UL><LI><a href="#[1fa]">&gt;&gt;</a>&nbsp;&nbsp;&nbsp;_get_stride_length
</UL>

<P><STRONG><a name="[aa]"></a>__aeabi_drsub</STRONG> (Thumb, 6 bytes, Stack size 0 bytes, dadd.o(.text), UNUSED)
<BR><BR>[Calls]<UL><LI><a href="#[a4]">&gt;&gt;</a>&nbsp;&nbsp;&nbsp;__aeabi_dadd
</UL>

<P><STRONG><a name="[ab]"></a>__aeabi_dmul</STRONG> (Thumb, 228 bytes, Stack size 48 bytes, dmul.o(.text))
<BR><BR>[Stack]<UL><LI>Max Depth = 88<LI>Call Chain = __aeabi_dmul &rArr; _double_epilogue &rArr; _double_round
</UL>
<BR>[Calls]<UL><LI><a href="#[a7]">&gt;&gt;</a>&nbsp;&nbsp;&nbsp;_double_epilogue
</UL>
<BR>[Called By]<UL><LI><a href="#[1fa]">&gt;&gt;</a>&nbsp;&nbsp;&nbsp;_get_stride_length
</UL>

<P><STRONG><a name="[ac]"></a>__aeabi_ddiv</STRONG> (Thumb, 222 bytes, Stack size 32 bytes, ddiv.o(.text))
<BR><BR>[Stack]<UL><LI>Max Depth = 40<LI>Call Chain = __aeabi_ddiv &rArr; _double_round
</UL>
<BR>[Calls]<UL><LI><a href="#[a8]">&gt;&gt;</a>&nbsp;&nbsp;&nbsp;_double_round
</UL>
<BR>[Called By]<UL><LI><a href="#[1fa]">&gt;&gt;</a>&nbsp;&nbsp;&nbsp;_get_stride_length
</UL>

<P><STRONG><a name="[ad]"></a>__aeabi_i2d</STRONG> (Thumb, 34 bytes, Stack size 16 bytes, dflti.o(.text))
<BR><BR>[Stack]<UL><LI>Max Depth = 56<LI>Call Chain = __aeabi_i2d &rArr; _double_epilogue &rArr; _double_round
</UL>
<BR>[Calls]<UL><LI><a href="#[a7]">&gt;&gt;</a>&nbsp;&nbsp;&nbsp;_double_epilogue
</UL>
<BR>[Called By]<UL><LI><a href="#[c3]">&gt;&gt;</a>&nbsp;&nbsp;&nbsp;BASE_sqrt
</UL>

<P><STRONG><a name="[ae]"></a>__aeabi_ui2d</STRONG> (Thumb, 26 bytes, Stack size 16 bytes, dfltui.o(.text))
<BR><BR>[Stack]<UL><LI>Max Depth = 56<LI>Call Chain = __aeabi_ui2d &rArr; _double_epilogue &rArr; _double_round
</UL>
<BR>[Calls]<UL><LI><a href="#[a7]">&gt;&gt;</a>&nbsp;&nbsp;&nbsp;_double_epilogue
</UL>
<BR>[Called By]<UL><LI><a href="#[f3]">&gt;&gt;</a>&nbsp;&nbsp;&nbsp;SYSCLK_GetFineTime
<LI><a href="#[1fa]">&gt;&gt;</a>&nbsp;&nbsp;&nbsp;_get_stride_length
</UL>

<P><STRONG><a name="[af]"></a>__aeabi_d2iz</STRONG> (Thumb, 62 bytes, Stack size 16 bytes, dfixi.o(.text))
<BR><BR>[Stack]<UL><LI>Max Depth = 16<LI>Call Chain = __aeabi_d2iz
</UL>
<BR>[Calls]<UL><LI><a href="#[b0]">&gt;&gt;</a>&nbsp;&nbsp;&nbsp;__aeabi_llsr
</UL>
<BR>[Called By]<UL><LI><a href="#[c3]">&gt;&gt;</a>&nbsp;&nbsp;&nbsp;BASE_sqrt
</UL>

<P><STRONG><a name="[b1]"></a>__aeabi_d2uiz</STRONG> (Thumb, 50 bytes, Stack size 8 bytes, dfixui.o(.text))
<BR><BR>[Stack]<UL><LI>Max Depth = 8<LI>Call Chain = __aeabi_d2uiz
</UL>
<BR>[Calls]<UL><LI><a href="#[b0]">&gt;&gt;</a>&nbsp;&nbsp;&nbsp;__aeabi_llsr
</UL>
<BR>[Called By]<UL><LI><a href="#[f3]">&gt;&gt;</a>&nbsp;&nbsp;&nbsp;SYSCLK_GetFineTime
<LI><a href="#[1fa]">&gt;&gt;</a>&nbsp;&nbsp;&nbsp;_get_stride_length
</UL>

<P><STRONG><a name="[4d2]"></a>__aeabi_cdcmpeq</STRONG> (Thumb, 0 bytes, Stack size 0 bytes, cdcmple.o(.text), UNUSED)

<P><STRONG><a name="[262]"></a>__aeabi_cdcmple</STRONG> (Thumb, 48 bytes, Stack size 0 bytes, cdcmple.o(.text))
<BR><BR>[Called By]<UL><LI><a href="#[1fa]">&gt;&gt;</a>&nbsp;&nbsp;&nbsp;_get_stride_length
</UL>

<P><STRONG><a name="[263]"></a>__aeabi_cdrcmple</STRONG> (Thumb, 48 bytes, Stack size 0 bytes, cdrcmple.o(.text))
<BR><BR>[Called By]<UL><LI><a href="#[1fa]">&gt;&gt;</a>&nbsp;&nbsp;&nbsp;_get_stride_length
</UL>

<P><STRONG><a name="[b2]"></a>__aeabi_uldivmod</STRONG> (Thumb, 98 bytes, Stack size 40 bytes, uldiv.o(.text), UNUSED)
<BR><BR>[Calls]<UL><LI><a href="#[b0]">&gt;&gt;</a>&nbsp;&nbsp;&nbsp;__aeabi_llsr
<LI><a href="#[a5]">&gt;&gt;</a>&nbsp;&nbsp;&nbsp;__aeabi_llsl
</UL>
<BR>[Called By]<UL><LI><a href="#[22a]">&gt;&gt;</a>&nbsp;&nbsp;&nbsp;_printf_core
</UL>

<P><STRONG><a name="[a5]"></a>__aeabi_llsl</STRONG> (Thumb, 30 bytes, Stack size 0 bytes, llshl.o(.text))
<BR><BR>[Called By]<UL><LI><a href="#[a4]">&gt;&gt;</a>&nbsp;&nbsp;&nbsp;__aeabi_dadd
<LI><a href="#[a7]">&gt;&gt;</a>&nbsp;&nbsp;&nbsp;_double_epilogue
<LI><a href="#[b2]">&gt;&gt;</a>&nbsp;&nbsp;&nbsp;__aeabi_uldivmod
</UL>

<P><STRONG><a name="[4d3]"></a>_ll_shift_l</STRONG> (Thumb, 0 bytes, Stack size 0 bytes, llshl.o(.text), UNUSED)

<P><STRONG><a name="[b0]"></a>__aeabi_llsr</STRONG> (Thumb, 32 bytes, Stack size 0 bytes, llushr.o(.text))
<BR><BR>[Called By]<UL><LI><a href="#[af]">&gt;&gt;</a>&nbsp;&nbsp;&nbsp;__aeabi_d2iz
<LI><a href="#[b1]">&gt;&gt;</a>&nbsp;&nbsp;&nbsp;__aeabi_d2uiz
<LI><a href="#[a7]">&gt;&gt;</a>&nbsp;&nbsp;&nbsp;_double_epilogue
<LI><a href="#[b3]">&gt;&gt;</a>&nbsp;&nbsp;&nbsp;_dsqrt
<LI><a href="#[b2]">&gt;&gt;</a>&nbsp;&nbsp;&nbsp;__aeabi_uldivmod
</UL>

<P><STRONG><a name="[4d4]"></a>_ll_ushift_r</STRONG> (Thumb, 0 bytes, Stack size 0 bytes, llushr.o(.text), UNUSED)

<P><STRONG><a name="[a6]"></a>__aeabi_lasr</STRONG> (Thumb, 36 bytes, Stack size 0 bytes, llsshr.o(.text))
<BR><BR>[Called By]<UL><LI><a href="#[a4]">&gt;&gt;</a>&nbsp;&nbsp;&nbsp;__aeabi_dadd
</UL>

<P><STRONG><a name="[4d5]"></a>_ll_sshift_r</STRONG> (Thumb, 0 bytes, Stack size 0 bytes, llsshr.o(.text), UNUSED)

<P><STRONG><a name="[4d6]"></a>__I$use$fp</STRONG> (Thumb, 0 bytes, Stack size 8 bytes, iusefp.o(.text), UNUSED)

<P><STRONG><a name="[a8]"></a>_double_round</STRONG> (Thumb, 30 bytes, Stack size 8 bytes, depilogue.o(.text))
<BR><BR>[Stack]<UL><LI>Max Depth = 8<LI>Call Chain = _double_round
</UL>
<BR>[Called By]<UL><LI><a href="#[ac]">&gt;&gt;</a>&nbsp;&nbsp;&nbsp;__aeabi_ddiv
<LI><a href="#[a4]">&gt;&gt;</a>&nbsp;&nbsp;&nbsp;__aeabi_dadd
<LI><a href="#[a7]">&gt;&gt;</a>&nbsp;&nbsp;&nbsp;_double_epilogue
<LI><a href="#[b3]">&gt;&gt;</a>&nbsp;&nbsp;&nbsp;_dsqrt
</UL>

<P><STRONG><a name="[a7]"></a>_double_epilogue</STRONG> (Thumb, 156 bytes, Stack size 32 bytes, depilogue.o(.text))
<BR><BR>[Stack]<UL><LI>Max Depth = 40<LI>Call Chain = _double_epilogue &rArr; _double_round
</UL>
<BR>[Calls]<UL><LI><a href="#[a8]">&gt;&gt;</a>&nbsp;&nbsp;&nbsp;_double_round
<LI><a href="#[b0]">&gt;&gt;</a>&nbsp;&nbsp;&nbsp;__aeabi_llsr
<LI><a href="#[a5]">&gt;&gt;</a>&nbsp;&nbsp;&nbsp;__aeabi_llsl
</UL>
<BR>[Called By]<UL><LI><a href="#[ad]">&gt;&gt;</a>&nbsp;&nbsp;&nbsp;__aeabi_i2d
<LI><a href="#[ab]">&gt;&gt;</a>&nbsp;&nbsp;&nbsp;__aeabi_dmul
<LI><a href="#[ae]">&gt;&gt;</a>&nbsp;&nbsp;&nbsp;__aeabi_ui2d
<LI><a href="#[a4]">&gt;&gt;</a>&nbsp;&nbsp;&nbsp;__aeabi_dadd
</UL>

<P><STRONG><a name="[b3]"></a>_dsqrt</STRONG> (Thumb, 162 bytes, Stack size 32 bytes, dsqrt.o(.text))
<BR><BR>[Stack]<UL><LI>Max Depth = 40<LI>Call Chain = _dsqrt &rArr; _double_round
</UL>
<BR>[Calls]<UL><LI><a href="#[a8]">&gt;&gt;</a>&nbsp;&nbsp;&nbsp;_double_round
<LI><a href="#[b0]">&gt;&gt;</a>&nbsp;&nbsp;&nbsp;__aeabi_llsr
</UL>
<BR>[Called By]<UL><LI><a href="#[c4]">&gt;&gt;</a>&nbsp;&nbsp;&nbsp;__hardfp_sqrt
</UL>

<P><STRONG><a name="[9f]"></a>__scatterload</STRONG> (Thumb, 28 bytes, Stack size 0 bytes, init.o(.text))
<BR><BR>[Calls]<UL><LI><a href="#[b4]">&gt;&gt;</a>&nbsp;&nbsp;&nbsp;__main_after_scatterload
</UL>
<BR>[Called By]<UL><LI><a href="#[9e]">&gt;&gt;</a>&nbsp;&nbsp;&nbsp;_main_scatterload
</UL>

<P><STRONG><a name="[4d7]"></a>__scatterload_rt2</STRONG> (Thumb, 0 bytes, Stack size 0 bytes, init.o(.text), UNUSED)

<P><STRONG><a name="[4d8]"></a>__decompress</STRONG> (Thumb, 0 bytes, Stack size unknown bytes, __dczerorl2.o(.text), UNUSED)

<P><STRONG><a name="[4d9]"></a>__decompress1</STRONG> (Thumb, 86 bytes, Stack size unknown bytes, __dczerorl2.o(.text), UNUSED)

<P><STRONG><a name="[b5]"></a>AES_cbc_decrypt</STRONG> (Thumb, 262 bytes, Stack size 68 bytes, aes.o(i.AES_cbc_decrypt))
<BR><BR>[Stack]<UL><LI>Max Depth = 152<LI>Call Chain = AES_cbc_decrypt &rArr; AES_decrypt
</UL>
<BR>[Calls]<UL><LI><a href="#[b6]">&gt;&gt;</a>&nbsp;&nbsp;&nbsp;AES_hncpy32
<LI><a href="#[b7]">&gt;&gt;</a>&nbsp;&nbsp;&nbsp;AES_decrypt
</UL>
<BR>[Called By]<UL><LI><a href="#[4b]">&gt;&gt;</a>&nbsp;&nbsp;&nbsp;decrypt
</UL>

<P><STRONG><a name="[329]"></a>AES_convert_key</STRONG> (Thumb, 158 bytes, Stack size 24 bytes, aes.o(i.AES_convert_key))
<BR><BR>[Stack]<UL><LI>Max Depth = 24<LI>Call Chain = AES_convert_key
</UL>
<BR>[Called By]<UL><LI><a href="#[4b]">&gt;&gt;</a>&nbsp;&nbsp;&nbsp;decrypt
</UL>

<P><STRONG><a name="[b7]"></a>AES_decrypt</STRONG> (Thumb, 422 bytes, Stack size 84 bytes, aes.o(i.AES_decrypt))
<BR><BR>[Stack]<UL><LI>Max Depth = 84<LI>Call Chain = AES_decrypt
</UL>
<BR>[Calls]<UL><LI><a href="#[b8]">&gt;&gt;</a>&nbsp;&nbsp;&nbsp;AES_xtime
</UL>
<BR>[Called By]<UL><LI><a href="#[b5]">&gt;&gt;</a>&nbsp;&nbsp;&nbsp;AES_cbc_decrypt
</UL>

<P><STRONG><a name="[b9]"></a>AES_generateSBox</STRONG> (Thumb, 144 bytes, Stack size 272 bytes, aes.o(i.AES_generateSBox))
<BR><BR>[Stack]<UL><LI>Max Depth = 272<LI>Call Chain = AES_generateSBox
</UL>
<BR>[Calls]<UL><LI><a href="#[ba]">&gt;&gt;</a>&nbsp;&nbsp;&nbsp;PEDO_get_global_buffer
</UL>
<BR>[Called By]<UL><LI><a href="#[4b]">&gt;&gt;</a>&nbsp;&nbsp;&nbsp;decrypt
</UL>

<P><STRONG><a name="[b6]"></a>AES_hncpy32</STRONG> (Thumb, 130 bytes, Stack size 0 bytes, aes.o(i.AES_hncpy32))
<BR><BR>[Called By]<UL><LI><a href="#[bb]">&gt;&gt;</a>&nbsp;&nbsp;&nbsp;AES_set_key
<LI><a href="#[b5]">&gt;&gt;</a>&nbsp;&nbsp;&nbsp;AES_cbc_decrypt
</UL>

<P><STRONG><a name="[bb]"></a>AES_set_key</STRONG> (Thumb, 288 bytes, Stack size 40 bytes, aes.o(i.AES_set_key))
<BR><BR>[Stack]<UL><LI>Max Depth = 40<LI>Call Chain = AES_set_key
</UL>
<BR>[Calls]<UL><LI><a href="#[b6]">&gt;&gt;</a>&nbsp;&nbsp;&nbsp;AES_hncpy32
<LI><a href="#[bc]">&gt;&gt;</a>&nbsp;&nbsp;&nbsp;__aeabi_memclr4
</UL>
<BR>[Called By]<UL><LI><a href="#[4b]">&gt;&gt;</a>&nbsp;&nbsp;&nbsp;decrypt
</UL>

<P><STRONG><a name="[b8]"></a>AES_xtime</STRONG> (Thumb, 22 bytes, Stack size 0 bytes, aes.o(i.AES_xtime))
<BR><BR>[Called By]<UL><LI><a href="#[b7]">&gt;&gt;</a>&nbsp;&nbsp;&nbsp;AES_decrypt
</UL>

<P><STRONG><a name="[67]"></a>ALERT_notific_timer_callback</STRONG> (Thumb, 38 bytes, Stack size 16 bytes, clingtask_ouptut.o(i.ALERT_notific_timer_callback))
<BR><BR>[Stack]<UL><LI>Max Depth = 160<LI>Call Chain = ALERT_notific_timer_callback &rArr; xTimerGenericCommand &rArr; xQueueGenericSend &rArr; prvCopyDataToQueue &rArr; xTaskPriorityDisinherit
</UL>
<BR>[Calls]<UL><LI><a href="#[be]">&gt;&gt;</a>&nbsp;&nbsp;&nbsp;xTimerGenericCommand
<LI><a href="#[bd]">&gt;&gt;</a>&nbsp;&nbsp;&nbsp;xTaskGenericNotify
</UL>
<BR>[Address Reference Count : 1]<UL><LI> notific.o(i.NOTIFIC_state_machine)
</UL>
<P><STRONG><a name="[69]"></a>ALERT_reminder_timer_callback</STRONG> (Thumb, 38 bytes, Stack size 16 bytes, clingtask_ouptut.o(i.ALERT_reminder_timer_callback))
<BR><BR>[Stack]<UL><LI>Max Depth = 160<LI>Call Chain = ALERT_reminder_timer_callback &rArr; xTimerGenericCommand &rArr; xQueueGenericSend &rArr; prvCopyDataToQueue &rArr; xTaskPriorityDisinherit
</UL>
<BR>[Calls]<UL><LI><a href="#[be]">&gt;&gt;</a>&nbsp;&nbsp;&nbsp;xTimerGenericCommand
<LI><a href="#[bd]">&gt;&gt;</a>&nbsp;&nbsp;&nbsp;xTaskGenericNotify
</UL>
<BR>[Address Reference Count : 1]<UL><LI> reminder.o(i.REMINDER_state_machine)
</UL>
<P><STRONG><a name="[bf]"></a>ALERT_task_notific_notify</STRONG> (Thumb, 20 bytes, Stack size 8 bytes, clingtask_ouptut.o(i.ALERT_task_notific_notify))
<BR><BR>[Stack]<UL><LI>Max Depth = 48<LI>Call Chain = ALERT_task_notific_notify &rArr; xTaskGenericNotify &rArr; vPortExitCritical
</UL>
<BR>[Calls]<UL><LI><a href="#[bd]">&gt;&gt;</a>&nbsp;&nbsp;&nbsp;xTaskGenericNotify
</UL>
<BR>[Called By]<UL><LI><a href="#[214]">&gt;&gt;</a>&nbsp;&nbsp;&nbsp;_ui_touch_sensing
</UL>

<P><STRONG><a name="[c0]"></a>ALERT_task_reminder_notify</STRONG> (Thumb, 20 bytes, Stack size 8 bytes, clingtask_ouptut.o(i.ALERT_task_reminder_notify))
<BR><BR>[Stack]<UL><LI>Max Depth = 48<LI>Call Chain = ALERT_task_reminder_notify &rArr; xTaskGenericNotify &rArr; vPortExitCritical
</UL>
<BR>[Calls]<UL><LI><a href="#[bd]">&gt;&gt;</a>&nbsp;&nbsp;&nbsp;xTaskGenericNotify
</UL>
<BR>[Called By]<UL><LI><a href="#[214]">&gt;&gt;</a>&nbsp;&nbsp;&nbsp;_ui_touch_sensing
</UL>

<P><STRONG><a name="[231]"></a>BASE_abs</STRONG> (Thumb, 14 bytes, Stack size 0 bytes, base.o(i.BASE_abs))
<BR><BR>[Called By]<UL><LI><a href="#[293]">&gt;&gt;</a>&nbsp;&nbsp;&nbsp;_update_orientation
<LI><a href="#[1a2]">&gt;&gt;</a>&nbsp;&nbsp;&nbsp;_det_stationary
<LI><a href="#[23b]">&gt;&gt;</a>&nbsp;&nbsp;&nbsp;_calc_apu_p2p
<LI><a href="#[22d]">&gt;&gt;</a>&nbsp;&nbsp;&nbsp;_acce_correlation
<LI><a href="#[1d1]">&gt;&gt;</a>&nbsp;&nbsp;&nbsp;_high_power_process_FIFO
</UL>

<P><STRONG><a name="[227]"></a>BASE_calculate_occurance</STRONG> (Thumb, 34 bytes, Stack size 12 bytes, base.o(i.BASE_calculate_occurance))
<BR><BR>[Stack]<UL><LI>Max Depth = 12<LI>Call Chain = BASE_calculate_occurance
</UL>
<BR>[Called By]<UL><LI><a href="#[265]">&gt;&gt;</a>&nbsp;&nbsp;&nbsp;_is_incidental_steps
<LI><a href="#[22d]">&gt;&gt;</a>&nbsp;&nbsp;&nbsp;_acce_correlation
<LI><a href="#[226]">&gt;&gt;</a>&nbsp;&nbsp;&nbsp;_CAR_classify
</UL>

<P><STRONG><a name="[c1]"></a>BASE_delay_msec</STRONG> (Thumb, 26 bytes, Stack size 16 bytes, base.o(i.BASE_delay_msec))
<BR><BR>[Stack]<UL><LI>Max Depth = 72<LI>Call Chain = BASE_delay_msec &rArr; vTaskDelay &rArr; xTaskResumeAll &rArr; xTaskIncrementTick
</UL>
<BR>[Calls]<UL><LI><a href="#[c2]">&gt;&gt;</a>&nbsp;&nbsp;&nbsp;vTaskDelay
</UL>
<BR>[Called By]<UL><LI><a href="#[1e0]">&gt;&gt;</a>&nbsp;&nbsp;&nbsp;SYSTEM_CLING_init
<LI><a href="#[1e9]">&gt;&gt;</a>&nbsp;&nbsp;&nbsp;SYSTEM_factory_reset
<LI><a href="#[1b2]">&gt;&gt;</a>&nbsp;&nbsp;&nbsp;REMINDER_setup
<LI><a href="#[1ea]">&gt;&gt;</a>&nbsp;&nbsp;&nbsp;SYSTEM_format_disk
<LI><a href="#[e0]">&gt;&gt;</a>&nbsp;&nbsp;&nbsp;_disconnect_clean_up
<LI><a href="#[194]">&gt;&gt;</a>&nbsp;&nbsp;&nbsp;OLED_set_display
<LI><a href="#[193]">&gt;&gt;</a>&nbsp;&nbsp;&nbsp;OLED_init
<LI><a href="#[190]">&gt;&gt;</a>&nbsp;&nbsp;&nbsp;OLED_hw_reset
<LI><a href="#[184]">&gt;&gt;</a>&nbsp;&nbsp;&nbsp;_wait_for_operation_completed
<LI><a href="#[170]">&gt;&gt;</a>&nbsp;&nbsp;&nbsp;LIS3DH_inertial_wake_up_init
<LI><a href="#[1fd]">&gt;&gt;</a>&nbsp;&nbsp;&nbsp;_logging_midnight_local
<LI><a href="#[1e4]">&gt;&gt;</a>&nbsp;&nbsp;&nbsp;_critical_info_restored
<LI><a href="#[1d2]">&gt;&gt;</a>&nbsp;&nbsp;&nbsp;SENSOR_init
</UL>

<P><STRONG><a name="[c3]"></a>BASE_sqrt</STRONG> (Thumb, 52 bytes, Stack size 24 bytes, base.o(i.BASE_sqrt))
<BR><BR>[Stack]<UL><LI>Max Depth = 96<LI>Call Chain = BASE_sqrt &rArr; __hardfp_sqrt &rArr; _dsqrt &rArr; _double_round
</UL>
<BR>[Calls]<UL><LI><a href="#[ad]">&gt;&gt;</a>&nbsp;&nbsp;&nbsp;__aeabi_i2d
<LI><a href="#[af]">&gt;&gt;</a>&nbsp;&nbsp;&nbsp;__aeabi_d2iz
<LI><a href="#[c4]">&gt;&gt;</a>&nbsp;&nbsp;&nbsp;__hardfp_sqrt
</UL>
<BR>[Called By]<UL><LI><a href="#[1a2]">&gt;&gt;</a>&nbsp;&nbsp;&nbsp;_det_stationary
</UL>

<P><STRONG><a name="[209]"></a>BATT_charging_det_for_sleep</STRONG> (Thumb, 42 bytes, Stack size 0 bytes, batt.o(i.BATT_charging_det_for_sleep))
<BR><BR>[Called By]<UL><LI><a href="#[206]">&gt;&gt;</a>&nbsp;&nbsp;&nbsp;TRACKING_get_whole_minute_delta
<LI><a href="#[288]">&gt;&gt;</a>&nbsp;&nbsp;&nbsp;_sleep_monitor_allowed
</UL>

<P><STRONG><a name="[c5]"></a>BATT_device_unauthorized_shut_down</STRONG> (Thumb, 182 bytes, Stack size 24 bytes, batt.o(i.BATT_device_unauthorized_shut_down))
<BR><BR>[Stack]<UL><LI>Max Depth = 48<LI>Call Chain = BATT_device_unauthorized_shut_down &rArr; __2printf
</UL>
<BR>[Calls]<UL><LI><a href="#[c7]">&gt;&gt;</a>&nbsp;&nbsp;&nbsp;LINK_is_authorizing
<LI><a href="#[c6]">&gt;&gt;</a>&nbsp;&nbsp;&nbsp;LINK_is_authorized
<LI><a href="#[cb]">&gt;&gt;</a>&nbsp;&nbsp;&nbsp;GPIO_system_powerdown
<LI><a href="#[c9]">&gt;&gt;</a>&nbsp;&nbsp;&nbsp;BTLE_is_connected
<LI><a href="#[c8]">&gt;&gt;</a>&nbsp;&nbsp;&nbsp;BATT_is_charging
<LI><a href="#[ca]">&gt;&gt;</a>&nbsp;&nbsp;&nbsp;__2printf
</UL>
<BR>[Called By]<UL><LI><a href="#[7d]">&gt;&gt;</a>&nbsp;&nbsp;&nbsp;cling_task_core_fsm
</UL>

<P><STRONG><a name="[cc]"></a>BATT_event_process</STRONG> (Thumb, 12 bytes, Stack size 8 bytes, batt.o(i.BATT_event_process))
<BR><BR>[Stack]<UL><LI>Max Depth = 248<LI>Call Chain = BATT_event_process &rArr; BATT_interrupt_process &rArr; BATT_write_reg &rArr; I2CDevHal_get_instance &rArr; I2CDevHal_init &rArr; xQueueCreateMutex &rArr; xQueueGenericSend &rArr; prvCopyDataToQueue &rArr; xTaskPriorityDisinherit
</UL>
<BR>[Calls]<UL><LI><a href="#[cd]">&gt;&gt;</a>&nbsp;&nbsp;&nbsp;BATT_interrupt_process
</UL>
<BR>[Called By]<UL><LI><a href="#[7c]">&gt;&gt;</a>&nbsp;&nbsp;&nbsp;cling_task_input
</UL>

<P><STRONG><a name="[1db]"></a>BATT_exit_charging_state</STRONG> (Thumb, 40 bytes, Stack size 0 bytes, batt.o(i.BATT_exit_charging_state))
<BR><BR>[Called By]<UL><LI><a href="#[1d8]">&gt;&gt;</a>&nbsp;&nbsp;&nbsp;SLEEP_minute_proc
</UL>

<P><STRONG><a name="[ce]"></a>BATT_init</STRONG> (Thumb, 44 bytes, Stack size 8 bytes, batt.o(i.BATT_init))
<BR><BR>[Stack]<UL><LI>Max Depth = 248<LI>Call Chain = BATT_init &rArr; BATT_interrupt_process &rArr; BATT_write_reg &rArr; I2CDevHal_get_instance &rArr; I2CDevHal_init &rArr; xQueueCreateMutex &rArr; xQueueGenericSend &rArr; prvCopyDataToQueue &rArr; xTaskPriorityDisinherit
</UL>
<BR>[Calls]<UL><LI><a href="#[c8]">&gt;&gt;</a>&nbsp;&nbsp;&nbsp;BATT_is_charging
<LI><a href="#[cd]">&gt;&gt;</a>&nbsp;&nbsp;&nbsp;BATT_interrupt_process
</UL>
<BR>[Called By]<UL><LI><a href="#[1e0]">&gt;&gt;</a>&nbsp;&nbsp;&nbsp;SYSTEM_CLING_init
</UL>

<P><STRONG><a name="[cd]"></a>BATT_interrupt_process</STRONG> (Thumb, 250 bytes, Stack size 32 bytes, batt.o(i.BATT_interrupt_process))
<BR><BR>[Stack]<UL><LI>Max Depth = 240<LI>Call Chain = BATT_interrupt_process &rArr; BATT_write_reg &rArr; I2CDevHal_get_instance &rArr; I2CDevHal_init &rArr; xQueueCreateMutex &rArr; xQueueGenericSend &rArr; prvCopyDataToQueue &rArr; xTaskPriorityDisinherit
</UL>
<BR>[Calls]<UL><LI><a href="#[cf]">&gt;&gt;</a>&nbsp;&nbsp;&nbsp;BATT_read_reg
<LI><a href="#[d1]">&gt;&gt;</a>&nbsp;&nbsp;&nbsp;nofity_input_task_key_input_valid
<LI><a href="#[d0]">&gt;&gt;</a>&nbsp;&nbsp;&nbsp;BATT_write_reg
<LI><a href="#[ca]">&gt;&gt;</a>&nbsp;&nbsp;&nbsp;__2printf
</UL>
<BR>[Called By]<UL><LI><a href="#[cc]">&gt;&gt;</a>&nbsp;&nbsp;&nbsp;BATT_event_process
<LI><a href="#[ce]">&gt;&gt;</a>&nbsp;&nbsp;&nbsp;BATT_init
</UL>

<P><STRONG><a name="[c8]"></a>BATT_is_charging</STRONG> (Thumb, 16 bytes, Stack size 0 bytes, batt.o(i.BATT_is_charging))
<BR><BR>[Called By]<UL><LI><a href="#[20e]">&gt;&gt;</a>&nbsp;&nbsp;&nbsp;UI_state_machine
<LI><a href="#[c5]">&gt;&gt;</a>&nbsp;&nbsp;&nbsp;BATT_device_unauthorized_shut_down
<LI><a href="#[14d]">&gt;&gt;</a>&nbsp;&nbsp;&nbsp;HOMEKEY_check_on_click_event
<LI><a href="#[15f]">&gt;&gt;</a>&nbsp;&nbsp;&nbsp;LINK_start_authorizing
<LI><a href="#[de]">&gt;&gt;</a>&nbsp;&nbsp;&nbsp;BTLE_execute_adv
<LI><a href="#[238]">&gt;&gt;</a>&nbsp;&nbsp;&nbsp;_get_battery_perc
<LI><a href="#[d8]">&gt;&gt;</a>&nbsp;&nbsp;&nbsp;BATT_update_charging_time
<LI><a href="#[d2]">&gt;&gt;</a>&nbsp;&nbsp;&nbsp;BATT_is_low_battery
<LI><a href="#[ce]">&gt;&gt;</a>&nbsp;&nbsp;&nbsp;BATT_init
<LI><a href="#[d5]">&gt;&gt;</a>&nbsp;&nbsp;&nbsp;_battery_adc_idle
<LI><a href="#[210]">&gt;&gt;</a>&nbsp;&nbsp;&nbsp;_display_frame_home
</UL>

<P><STRONG><a name="[d2]"></a>BATT_is_low_battery</STRONG> (Thumb, 28 bytes, Stack size 4 bytes, batt.o(i.BATT_is_low_battery))
<BR><BR>[Stack]<UL><LI>Max Depth = 4<LI>Call Chain = BATT_is_low_battery
</UL>
<BR>[Calls]<UL><LI><a href="#[c8]">&gt;&gt;</a>&nbsp;&nbsp;&nbsp;BATT_is_charging
</UL>
<BR>[Called By]<UL><LI><a href="#[de]">&gt;&gt;</a>&nbsp;&nbsp;&nbsp;BTLE_execute_adv
</UL>

<P><STRONG><a name="[d3]"></a>BATT_monitor_process</STRONG> (Thumb, 28 bytes, Stack size 16 bytes, batt.o(i.BATT_monitor_process))
<BR><BR>[Stack]<UL><LI>Max Depth = 192<LI>Call Chain = BATT_monitor_process &rArr; _battery_adc_idle &rArr; UI_turn_on_display &rArr; UI_switch_state &rArr; CLK_get_system_time &rArr; SYSCLK_GetFineTime &rArr; __aeabi_dadd &rArr; _double_epilogue &rArr; _double_round
</UL>
<BR>[Calls]<UL><LI><a href="#[d4]">&gt;&gt;</a>&nbsp;&nbsp;&nbsp;CLK_get_system_time
<LI><a href="#[d5]">&gt;&gt;</a>&nbsp;&nbsp;&nbsp;_battery_adc_idle
<LI><a href="#[d6]">&gt;&gt;</a>&nbsp;&nbsp;&nbsp;_battery_adc_acquired
</UL>
<BR>[Called By]<UL><LI><a href="#[86]">&gt;&gt;</a>&nbsp;&nbsp;&nbsp;cling_init_task
<LI><a href="#[7d]">&gt;&gt;</a>&nbsp;&nbsp;&nbsp;cling_task_core_fsm
</UL>

<P><STRONG><a name="[d8]"></a>BATT_update_charging_time</STRONG> (Thumb, 46 bytes, Stack size 4 bytes, batt.o(i.BATT_update_charging_time))
<BR><BR>[Stack]<UL><LI>Max Depth = 4<LI>Call Chain = BATT_update_charging_time
</UL>
<BR>[Calls]<UL><LI><a href="#[c8]">&gt;&gt;</a>&nbsp;&nbsp;&nbsp;BATT_is_charging
</UL>
<BR>[Called By]<UL><LI><a href="#[1bd]">&gt;&gt;</a>&nbsp;&nbsp;&nbsp;RTC_timer_process
</UL>

<P><STRONG><a name="[d9]"></a>BTLE_Send_Packet</STRONG> (Thumb, 168 bytes, Stack size 48 bytes, btle.o(i.BTLE_Send_Packet))
<BR><BR>[Stack]<UL><LI>Max Depth = 192<LI>Call Chain = BTLE_Send_Packet &rArr; cus_notify_send &rArr; tx_send &rArr; tx_buffer_process &rArr; __2printf
</UL>
<BR>[Calls]<UL><LI><a href="#[da]">&gt;&gt;</a>&nbsp;&nbsp;&nbsp;cus_notify_send
<LI><a href="#[ca]">&gt;&gt;</a>&nbsp;&nbsp;&nbsp;__2printf
</UL>
<BR>[Called By]<UL><LI><a href="#[247]">&gt;&gt;</a>&nbsp;&nbsp;&nbsp;_tx_streaming
<LI><a href="#[246]">&gt;&gt;</a>&nbsp;&nbsp;&nbsp;_tx_process
</UL>

<P><STRONG><a name="[db]"></a>BTLE_aes_decrypt</STRONG> (Thumb, 46 bytes, Stack size 24 bytes, btle.o(i.BTLE_aes_decrypt))
<BR><BR>[Stack]<UL><LI>Max Depth = 28<LI>Call Chain = BTLE_aes_decrypt &rArr; HalAes_get_instance
</UL>
<BR>[Calls]<UL><LI><a href="#[dc]">&gt;&gt;</a>&nbsp;&nbsp;&nbsp;HalAes_get_instance
</UL>
<BR>[Called By]<UL><LI><a href="#[160]">&gt;&gt;</a>&nbsp;&nbsp;&nbsp;LINK_state_machine_update
</UL>

<P><STRONG><a name="[dd]"></a>BTLE_aes_encrypt</STRONG> (Thumb, 46 bytes, Stack size 24 bytes, btle.o(i.BTLE_aes_encrypt))
<BR><BR>[Stack]<UL><LI>Max Depth = 28<LI>Call Chain = BTLE_aes_encrypt &rArr; HalAes_get_instance
</UL>
<BR>[Calls]<UL><LI><a href="#[dc]">&gt;&gt;</a>&nbsp;&nbsp;&nbsp;HalAes_get_instance
</UL>
<BR>[Called By]<UL><LI><a href="#[160]">&gt;&gt;</a>&nbsp;&nbsp;&nbsp;LINK_state_machine_update
<LI><a href="#[82]">&gt;&gt;</a>&nbsp;&nbsp;&nbsp;link_start_auth
</UL>

<P><STRONG><a name="[de]"></a>BTLE_execute_adv</STRONG> (Thumb, 58 bytes, Stack size 16 bytes, btle.o(i.BTLE_execute_adv))
<BR><BR>[Stack]<UL><LI>Max Depth = 20<LI>Call Chain = BTLE_execute_adv &rArr; BATT_is_low_battery
</UL>
<BR>[Calls]<UL><LI><a href="#[c6]">&gt;&gt;</a>&nbsp;&nbsp;&nbsp;LINK_is_authorized
<LI><a href="#[d2]">&gt;&gt;</a>&nbsp;&nbsp;&nbsp;BATT_is_low_battery
<LI><a href="#[c8]">&gt;&gt;</a>&nbsp;&nbsp;&nbsp;BATT_is_charging
</UL>
<BR>[Called By]<UL><LI><a href="#[df]">&gt;&gt;</a>&nbsp;&nbsp;&nbsp;BTLE_state_machine_update
</UL>

<P><STRONG><a name="[250]"></a>BTLE_get_radio_software_version</STRONG> (Thumb, 6 bytes, Stack size 0 bytes, btle.o(i.BTLE_get_radio_software_version))
<BR><BR>[Called By]<UL><LI><a href="#[24f]">&gt;&gt;</a>&nbsp;&nbsp;&nbsp;_create_dev_info_msg
</UL>

<P><STRONG><a name="[c9]"></a>BTLE_is_connected</STRONG> (Thumb, 16 bytes, Stack size 0 bytes, btle.o(i.BTLE_is_connected))
<BR><BR>[Called By]<UL><LI><a href="#[c5]">&gt;&gt;</a>&nbsp;&nbsp;&nbsp;BATT_device_unauthorized_shut_down
<LI><a href="#[1e9]">&gt;&gt;</a>&nbsp;&nbsp;&nbsp;SYSTEM_factory_reset
<LI><a href="#[244]">&gt;&gt;</a>&nbsp;&nbsp;&nbsp;_pending_process
</UL>

<P><STRONG><a name="[e5]"></a>BTLE_reset_streaming</STRONG> (Thumb, 32 bytes, Stack size 0 bytes, btle.o(i.BTLE_reset_streaming))
<BR><BR>[Called By]<UL><LI><a href="#[283]">&gt;&gt;</a>&nbsp;&nbsp;&nbsp;_sync_time_proc
<LI><a href="#[244]">&gt;&gt;</a>&nbsp;&nbsp;&nbsp;_pending_process
<LI><a href="#[e1]">&gt;&gt;</a>&nbsp;&nbsp;&nbsp;BTLE_streaming_authorized
<LI><a href="#[7b]">&gt;&gt;</a>&nbsp;&nbsp;&nbsp;btle_on_disconnect
</UL>

<P><STRONG><a name="[df]"></a>BTLE_state_machine_update</STRONG> (Thumb, 142 bytes, Stack size 24 bytes, btle.o(i.BTLE_state_machine_update))
<BR><BR>[Stack]<UL><LI>Max Depth = 1288<LI>Call Chain = BTLE_state_machine_update &rArr; BTLE_streaming_authorized &rArr; BTLE_update_streaming_minute_entries &rArr; FILE_get_next_file_with_prefix &rArr; FILE_fopen &rArr; FAT_Init &rArr; _get_used_clusters &rArr; FLASH_Read_FAT &rArr; NFLASH_drv_read_sector &rArr; NOR_readData &rArr; NOR_releasePowerDown &rArr; flash_tx_rx &rArr; SpiDevHal_get_instance &rArr; SpiDevHal_init &rArr; xQueueCreateMutex &rArr; xQueueGenericSend &rArr; prvCopyDataToQueue &rArr; xTaskPriorityDisinherit
</UL>
<BR>[Calls]<UL><LI><a href="#[e2]">&gt;&gt;</a>&nbsp;&nbsp;&nbsp;xTaskGetCurrentTaskHandle
<LI><a href="#[bd]">&gt;&gt;</a>&nbsp;&nbsp;&nbsp;xTaskGenericNotify
<LI><a href="#[e1]">&gt;&gt;</a>&nbsp;&nbsp;&nbsp;BTLE_streaming_authorized
<LI><a href="#[de]">&gt;&gt;</a>&nbsp;&nbsp;&nbsp;BTLE_execute_adv
<LI><a href="#[e0]">&gt;&gt;</a>&nbsp;&nbsp;&nbsp;_disconnect_clean_up
<LI><a href="#[c6]">&gt;&gt;</a>&nbsp;&nbsp;&nbsp;LINK_is_authorized
<LI><a href="#[ca]">&gt;&gt;</a>&nbsp;&nbsp;&nbsp;__2printf
</UL>
<BR>[Called By]<UL><LI><a href="#[301]">&gt;&gt;</a>&nbsp;&nbsp;&nbsp;btle_fsm_process
</UL>

<P><STRONG><a name="[e1]"></a>BTLE_streaming_authorized</STRONG> (Thumb, 320 bytes, Stack size 32 bytes, btle.o(i.BTLE_streaming_authorized))
<BR><BR>[Stack]<UL><LI>Max Depth = 1264<LI>Call Chain = BTLE_streaming_authorized &rArr; BTLE_update_streaming_minute_entries &rArr; FILE_get_next_file_with_prefix &rArr; FILE_fopen &rArr; FAT_Init &rArr; _get_used_clusters &rArr; FLASH_Read_FAT &rArr; NFLASH_drv_read_sector &rArr; NOR_readData &rArr; NOR_releasePowerDown &rArr; flash_tx_rx &rArr; SpiDevHal_get_instance &rArr; SpiDevHal_init &rArr; xQueueCreateMutex &rArr; xQueueGenericSend &rArr; prvCopyDataToQueue &rArr; xTaskPriorityDisinherit
</UL>
<BR>[Calls]<UL><LI><a href="#[d4]">&gt;&gt;</a>&nbsp;&nbsp;&nbsp;CLK_get_system_time
<LI><a href="#[e4]">&gt;&gt;</a>&nbsp;&nbsp;&nbsp;SYSTEM_restart_from_reset_vector
<LI><a href="#[e3]">&gt;&gt;</a>&nbsp;&nbsp;&nbsp;OTA_if_enabled
<LI><a href="#[e9]">&gt;&gt;</a>&nbsp;&nbsp;&nbsp;FILE_get_next_file_with_prefix
<LI><a href="#[e7]">&gt;&gt;</a>&nbsp;&nbsp;&nbsp;CP_create_streaming_minute_msg
<LI><a href="#[e8]">&gt;&gt;</a>&nbsp;&nbsp;&nbsp;CP_create_streaming_file_minute_msg
<LI><a href="#[ea]">&gt;&gt;</a>&nbsp;&nbsp;&nbsp;CP_create_streaming_daily_msg
<LI><a href="#[e6]">&gt;&gt;</a>&nbsp;&nbsp;&nbsp;BTLE_update_streaming_minute_entries
<LI><a href="#[e5]">&gt;&gt;</a>&nbsp;&nbsp;&nbsp;BTLE_reset_streaming
<LI><a href="#[ca]">&gt;&gt;</a>&nbsp;&nbsp;&nbsp;__2printf
</UL>
<BR>[Called By]<UL><LI><a href="#[df]">&gt;&gt;</a>&nbsp;&nbsp;&nbsp;BTLE_state_machine_update
</UL>

<P><STRONG><a name="[245]"></a>BTLE_tx_buffer_available</STRONG> (Thumb, 4 bytes, Stack size 0 bytes, btle.o(i.BTLE_tx_buffer_available))
<BR><BR>[Called By]<UL><LI><a href="#[100]">&gt;&gt;</a>&nbsp;&nbsp;&nbsp;_core_cp_packet_handling
</UL>

<P><STRONG><a name="[e6]"></a>BTLE_update_streaming_minute_entries</STRONG> (Thumb, 62 bytes, Stack size 8 bytes, btle.o(i.BTLE_update_streaming_minute_entries))
<BR><BR>[Stack]<UL><LI>Max Depth = 1232<LI>Call Chain = BTLE_update_streaming_minute_entries &rArr; FILE_get_next_file_with_prefix &rArr; FILE_fopen &rArr; FAT_Init &rArr; _get_used_clusters &rArr; FLASH_Read_FAT &rArr; NFLASH_drv_read_sector &rArr; NOR_readData &rArr; NOR_releasePowerDown &rArr; flash_tx_rx &rArr; SpiDevHal_get_instance &rArr; SpiDevHal_init &rArr; xQueueCreateMutex &rArr; xQueueGenericSend &rArr; prvCopyDataToQueue &rArr; xTaskPriorityDisinherit
</UL>
<BR>[Calls]<UL><LI><a href="#[e9]">&gt;&gt;</a>&nbsp;&nbsp;&nbsp;FILE_get_next_file_with_prefix
<LI><a href="#[eb]">&gt;&gt;</a>&nbsp;&nbsp;&nbsp;FILE_exists_with_prefix
</UL>
<BR>[Called By]<UL><LI><a href="#[e1]">&gt;&gt;</a>&nbsp;&nbsp;&nbsp;BTLE_streaming_authorized
</UL>

<P><STRONG><a name="[ec]"></a>BattMgrHal_get_instance</STRONG> (Thumb, 36 bytes, Stack size 8 bytes, battmgr_hal.o(i.BattMgrHal_get_instance))
<BR><BR>[Stack]<UL><LI>Max Depth = 136<LI>Call Chain = BattMgrHal_get_instance &rArr; BattMgrHal_init &rArr; xQueueCreateMutex &rArr; xQueueGenericSend &rArr; prvCopyDataToQueue &rArr; xTaskPriorityDisinherit
</UL>
<BR>[Calls]<UL><LI><a href="#[ed]">&gt;&gt;</a>&nbsp;&nbsp;&nbsp;BattMgrHal_init
<LI><a href="#[bc]">&gt;&gt;</a>&nbsp;&nbsp;&nbsp;__aeabi_memclr4
</UL>
<BR>[Called By]<UL><LI><a href="#[d5]">&gt;&gt;</a>&nbsp;&nbsp;&nbsp;_battery_adc_idle
</UL>

<P><STRONG><a name="[f0]"></a>CLING_global_init</STRONG> (Thumb, 96 bytes, Stack size 8 bytes, clingtask.o(i.CLING_global_init))
<BR><BR>[Stack]<UL><LI>Max Depth = 52<LI>Call Chain = CLING_global_init &rArr; RTC_get_local_clock &rArr; RTC_get_regular_time
</UL>
<BR>[Calls]<UL><LI><a href="#[f1]">&gt;&gt;</a>&nbsp;&nbsp;&nbsp;RTC_get_local_clock
<LI><a href="#[bc]">&gt;&gt;</a>&nbsp;&nbsp;&nbsp;__aeabi_memclr4
</UL>
<BR>[Called By]<UL><LI><a href="#[1e0]">&gt;&gt;</a>&nbsp;&nbsp;&nbsp;SYSTEM_CLING_init
</UL>

<P><STRONG><a name="[f2]"></a>CLING_task_rtc_notify</STRONG> (Thumb, 18 bytes, Stack size 8 bytes, clingtask.o(i.CLING_task_rtc_notify))
<BR><BR>[Stack]<UL><LI>Max Depth = 48<LI>Call Chain = CLING_task_rtc_notify &rArr; xTaskGenericNotify &rArr; vPortExitCritical
</UL>
<BR>[Calls]<UL><LI><a href="#[bd]">&gt;&gt;</a>&nbsp;&nbsp;&nbsp;xTaskGenericNotify
</UL>
<BR>[Called By]<UL><LI><a href="#[6a]">&gt;&gt;</a>&nbsp;&nbsp;&nbsp;RTC_timer_handler
</UL>

<P><STRONG><a name="[d4]"></a>CLK_get_system_time</STRONG> (Thumb, 8 bytes, Stack size 8 bytes, base.o(i.CLK_get_system_time))
<BR><BR>[Stack]<UL><LI>Max Depth = 120<LI>Call Chain = CLK_get_system_time &rArr; SYSCLK_GetFineTime &rArr; __aeabi_dadd &rArr; _double_epilogue &rArr; _double_round
</UL>
<BR>[Calls]<UL><LI><a href="#[f3]">&gt;&gt;</a>&nbsp;&nbsp;&nbsp;SYSCLK_GetFineTime
</UL>
<BR>[Called By]<UL><LI><a href="#[20e]">&gt;&gt;</a>&nbsp;&nbsp;&nbsp;UI_state_machine
<LI><a href="#[1b3]">&gt;&gt;</a>&nbsp;&nbsp;&nbsp;REMINDER_state_machine
<LI><a href="#[198]">&gt;&gt;</a>&nbsp;&nbsp;&nbsp;OLED_state_machine
<LI><a href="#[189]">&gt;&gt;</a>&nbsp;&nbsp;&nbsp;NOTIFIC_state_machine
<LI><a href="#[1cd]">&gt;&gt;</a>&nbsp;&nbsp;&nbsp;SENSOR_accel_processing
<LI><a href="#[d3]">&gt;&gt;</a>&nbsp;&nbsp;&nbsp;BATT_monitor_process
<LI><a href="#[14d]">&gt;&gt;</a>&nbsp;&nbsp;&nbsp;HOMEKEY_check_on_click_event
<LI><a href="#[1e9]">&gt;&gt;</a>&nbsp;&nbsp;&nbsp;SYSTEM_factory_reset
<LI><a href="#[15f]">&gt;&gt;</a>&nbsp;&nbsp;&nbsp;LINK_start_authorizing
<LI><a href="#[100]">&gt;&gt;</a>&nbsp;&nbsp;&nbsp;_core_cp_packet_handling
<LI><a href="#[e1]">&gt;&gt;</a>&nbsp;&nbsp;&nbsp;BTLE_streaming_authorized
<LI><a href="#[7a]">&gt;&gt;</a>&nbsp;&nbsp;&nbsp;btle_on_connect
<LI><a href="#[79]">&gt;&gt;</a>&nbsp;&nbsp;&nbsp;ble_rev_process
<LI><a href="#[19c]">&gt;&gt;</a>&nbsp;&nbsp;&nbsp;UI_turn_on_display
<LI><a href="#[1ff]">&gt;&gt;</a>&nbsp;&nbsp;&nbsp;TRACKING_exit_low_power_mode
<LI><a href="#[163]">&gt;&gt;</a>&nbsp;&nbsp;&nbsp;_fill_up_random_characters
<LI><a href="#[160]">&gt;&gt;</a>&nbsp;&nbsp;&nbsp;LINK_state_machine_update
<LI><a href="#[82]">&gt;&gt;</a>&nbsp;&nbsp;&nbsp;link_start_auth
<LI><a href="#[85]">&gt;&gt;</a>&nbsp;&nbsp;&nbsp;link_idle
<LI><a href="#[150]">&gt;&gt;</a>&nbsp;&nbsp;&nbsp;UI_switch_state
<LI><a href="#[1f9]">&gt;&gt;</a>&nbsp;&nbsp;&nbsp;TRACKING_enter_low_power_mode
<LI><a href="#[1d6]">&gt;&gt;</a>&nbsp;&nbsp;&nbsp;_calc_activity_per_minute
<LI><a href="#[1f7]">&gt;&gt;</a>&nbsp;&nbsp;&nbsp;TRACKING_algorithms_proc
<LI><a href="#[1d3]">&gt;&gt;</a>&nbsp;&nbsp;&nbsp;SLEEP_init
<LI><a href="#[1d0]">&gt;&gt;</a>&nbsp;&nbsp;&nbsp;_low_power_process_hw
<LI><a href="#[1d1]">&gt;&gt;</a>&nbsp;&nbsp;&nbsp;_high_power_process_FIFO
</UL>

<P><STRONG><a name="[f4]"></a>CP_API_received_pkt</STRONG> (Thumb, 190 bytes, Stack size 32 bytes, cp.o(i.CP_API_received_pkt))
<BR><BR>[Stack]<UL><LI>Max Depth = 80<LI>Call Chain = CP_API_received_pkt &rArr; _rx_sp_msg_process &rArr; _write_ctrl_reg &rArr; __aeabi_memcpy
</UL>
<BR>[Calls]<UL><LI><a href="#[f6]">&gt;&gt;</a>&nbsp;&nbsp;&nbsp;_store_rx_msg
<LI><a href="#[f5]">&gt;&gt;</a>&nbsp;&nbsp;&nbsp;_rx_sp_msg_process
</UL>
<BR>[Called By]<UL><LI><a href="#[100]">&gt;&gt;</a>&nbsp;&nbsp;&nbsp;_core_cp_packet_handling
</UL>

<P><STRONG><a name="[f7]"></a>CP_create_auth_stat_msg</STRONG> (Thumb, 210 bytes, Stack size 16 bytes, cp.o(i.CP_create_auth_stat_msg))
<BR><BR>[Stack]<UL><LI>Max Depth = 24<LI>Call Chain = CP_create_auth_stat_msg &rArr; __aeabi_memcpy
</UL>
<BR>[Calls]<UL><LI><a href="#[f8]">&gt;&gt;</a>&nbsp;&nbsp;&nbsp;__aeabi_memcpy
</UL>
<BR>[Called By]<UL><LI><a href="#[160]">&gt;&gt;</a>&nbsp;&nbsp;&nbsp;LINK_state_machine_update
</UL>

<P><STRONG><a name="[f9]"></a>CP_create_register_rd_msg</STRONG> (Thumb, 108 bytes, Stack size 16 bytes, cp.o(i.CP_create_register_rd_msg))
<BR><BR>[Stack]<UL><LI>Max Depth = 24<LI>Call Chain = CP_create_register_rd_msg &rArr; __aeabi_memcpy
</UL>
<BR>[Calls]<UL><LI><a href="#[f8]">&gt;&gt;</a>&nbsp;&nbsp;&nbsp;__aeabi_memcpy
</UL>
<BR>[Called By]<UL><LI><a href="#[f5]">&gt;&gt;</a>&nbsp;&nbsp;&nbsp;_rx_sp_msg_process
</UL>

<P><STRONG><a name="[ea]"></a>CP_create_streaming_daily_msg</STRONG> (Thumb, 316 bytes, Stack size 20 bytes, cp.o(i.CP_create_streaming_daily_msg))
<BR><BR>[Stack]<UL><LI>Max Depth = 20<LI>Call Chain = CP_create_streaming_daily_msg
</UL>
<BR>[Called By]<UL><LI><a href="#[e1]">&gt;&gt;</a>&nbsp;&nbsp;&nbsp;BTLE_streaming_authorized
</UL>

<P><STRONG><a name="[e8]"></a>CP_create_streaming_file_minute_msg</STRONG> (Thumb, 446 bytes, Stack size 72 bytes, cp.o(i.CP_create_streaming_file_minute_msg))
<BR><BR>[Stack]<UL><LI>Max Depth = 784<LI>Call Chain = CP_create_streaming_file_minute_msg &rArr; FLASH_Write_Flash &rArr; NFLASH_drv_write_sector &rArr; NOR_pageProgram &rArr; _page_program_core &rArr; NOR_writeEnable &rArr; _wait_for_operation_completed &rArr; NOR_releasePowerDown &rArr; flash_tx_rx &rArr; SpiDevHal_get_instance &rArr; SpiDevHal_init &rArr; xQueueCreateMutex &rArr; xQueueGenericSend &rArr; prvCopyDataToQueue &rArr; xTaskPriorityDisinherit
</UL>
<BR>[Calls]<UL><LI><a href="#[fb]">&gt;&gt;</a>&nbsp;&nbsp;&nbsp;FLASH_Write_Flash
<LI><a href="#[fa]">&gt;&gt;</a>&nbsp;&nbsp;&nbsp;FLASH_Read_Flash
<LI><a href="#[fc]">&gt;&gt;</a>&nbsp;&nbsp;&nbsp;_fillup_streaming_packet
</UL>
<BR>[Called By]<UL><LI><a href="#[e1]">&gt;&gt;</a>&nbsp;&nbsp;&nbsp;BTLE_streaming_authorized
</UL>

<P><STRONG><a name="[e7]"></a>CP_create_streaming_minute_msg</STRONG> (Thumb, 428 bytes, Stack size 72 bytes, cp.o(i.CP_create_streaming_minute_msg))
<BR><BR>[Stack]<UL><LI>Max Depth = 792<LI>Call Chain = CP_create_streaming_minute_msg &rArr; FLASH_Write_App &rArr; NFLASH_drv_write_sector &rArr; NOR_pageProgram &rArr; _page_program_core &rArr; NOR_writeEnable &rArr; _wait_for_operation_completed &rArr; NOR_releasePowerDown &rArr; flash_tx_rx &rArr; SpiDevHal_get_instance &rArr; SpiDevHal_init &rArr; xQueueCreateMutex &rArr; xQueueGenericSend &rArr; prvCopyDataToQueue &rArr; xTaskPriorityDisinherit
</UL>
<BR>[Calls]<UL><LI><a href="#[fe]">&gt;&gt;</a>&nbsp;&nbsp;&nbsp;FLASH_Write_App
<LI><a href="#[fc]">&gt;&gt;</a>&nbsp;&nbsp;&nbsp;_fillup_streaming_packet
<LI><a href="#[fd]">&gt;&gt;</a>&nbsp;&nbsp;&nbsp;FLASH_Read_App
</UL>
<BR>[Called By]<UL><LI><a href="#[e1]">&gt;&gt;</a>&nbsp;&nbsp;&nbsp;BTLE_streaming_authorized
</UL>

[...]
</UL>

<P><STRONG><a name="[63]"></a>close</STRONG> (Thumb, 40 bytes, Stack size 16 bytes, i2cdev_hal.o(i.close))
<BR><BR>[Stack]<UL><LI>Max Depth = 128<LI>Call Chain = close &rArr; xQueueGiveMutexRecursive &rArr; xQueueGenericSend &rArr; prvCopyDataToQueue &rArr; xTaskPriorityDisinherit
</UL>
<BR>[Calls]<UL><LI><a href="#[2a7]">&gt;&gt;</a>&nbsp;&nbsp;&nbsp;xQueueGiveMutexRecursive
</UL>
<BR>[Address Reference Count : 1]<UL><LI> i2cdev_hal.o(i.I2CDevHal_init)
</UL>
<P><STRONG><a name="[65]"></a>gps_open</STRONG> (Thumb, 28 bytes, Stack size 16 bytes, i2cdev_hal.o(i.gps_open))
<BR><BR>[Stack]<UL><LI>Max Depth = 152<LI>Call Chain = gps_open &rArr; open &rArr; xQueueTakeMutexRecursive &rArr; xQueueGenericReceive &rArr; xTaskResumeAll &rArr; xTaskIncrementTick
</UL>
<BR>[Calls]<UL><LI><a href="#[386]">&gt;&gt;</a>&nbsp;&nbsp;&nbsp;open
</UL>
<BR>[Address Reference Count : 1]<UL><LI> i2cdev_hal.o(i.I2CDevHal_init)
</UL>
<P><STRONG><a name="[386]"></a>open</STRONG> (Thumb, 84 bytes, Stack size 16 bytes, i2cdev_hal.o(i.open))
<BR><BR>[Stack]<UL><LI>Max Depth = 136<LI>Call Chain = open &rArr; xQueueTakeMutexRecursive &rArr; xQueueGenericReceive &rArr; xTaskResumeAll &rArr; xTaskIncrementTick
</UL>
<BR>[Calls]<UL><LI><a href="#[e2]">&gt;&gt;</a>&nbsp;&nbsp;&nbsp;xTaskGetCurrentTaskHandle
<LI><a href="#[2a5]">&gt;&gt;</a>&nbsp;&nbsp;&nbsp;xQueueTakeMutexRecursive
</UL>
<BR>[Called By]<UL><LI><a href="#[66]">&gt;&gt;</a>&nbsp;&nbsp;&nbsp;ppg_open
<LI><a href="#[64]">&gt;&gt;</a>&nbsp;&nbsp;&nbsp;pmu_open
<LI><a href="#[65]">&gt;&gt;</a>&nbsp;&nbsp;&nbsp;gps_open
</UL>

<P><STRONG><a name="[64]"></a>pmu_open</STRONG> (Thumb, 28 bytes, Stack size 16 bytes, i2cdev_hal.o(i.pmu_open))
<BR><BR>[Stack]<UL><LI>Max Depth = 152<LI>Call Chain = pmu_open &rArr; open &rArr; xQueueTakeMutexRecursive &rArr; xQueueGenericReceive &rArr; xTaskResumeAll &rArr; xTaskIncrementTick
</UL>
<BR>[Calls]<UL><LI><a href="#[386]">&gt;&gt;</a>&nbsp;&nbsp;&nbsp;open
</UL>
<BR>[Address Reference Count : 1]<UL><LI> i2cdev_hal.o(i.I2CDevHal_init)
</UL>
<P><STRONG><a name="[66]"></a>ppg_open</STRONG> (Thumb, 28 bytes, Stack size 16 bytes, i2cdev_hal.o(i.ppg_open))
<BR><BR>[Stack]<UL><LI>Max Depth = 152<LI>Call Chain = ppg_open &rArr; open &rArr; xQueueTakeMutexRecursive &rArr; xQueueGenericReceive &rArr; xTaskResumeAll &rArr; xTaskIncrementTick
</UL>
<BR>[Calls]<UL><LI><a href="#[386]">&gt;&gt;</a>&nbsp;&nbsp;&nbsp;open
</UL>
<BR>[Address Reference Count : 1]<UL><LI> i2cdev_hal.o(i.I2CDevHal_init)
</UL>
<P><STRONG><a name="[60]"></a>read</STRONG> (Thumb, 8 bytes, Stack size 8 bytes, i2cdev_hal.o(i.read))
<BR><BR>[Stack]<UL><LI>Max Depth = 8<LI>Call Chain = read
</UL>
<BR>[Address Reference Count : 1]<UL><LI> i2cdev_hal.o(i.I2CDevHal_init)
</UL>
<P><STRONG><a name="[8d]"></a>twi_handler</STRONG> (Thumb, 82 bytes, Stack size 24 bytes, i2cdev_hal.o(i.twi_handler))
<BR><BR>[Stack]<UL><LI>Max Depth = 64<LI>Call Chain = twi_handler &rArr; xQueueGiveFromISR &rArr; xTaskRemoveFromEventList
</UL>
<BR>[Calls]<UL><LI><a href="#[47c]">&gt;&gt;</a>&nbsp;&nbsp;&nbsp;xQueueGiveFromISR
</UL>
<BR>[Address Reference Count : 2]<UL><LI> i2cdev_hal.o(i.write)
<LI> i2cdev_hal.o(i.write_read)
</UL>
<P><STRONG><a name="[61]"></a>write</STRONG> (Thumb, 94 bytes, Stack size 32 bytes, i2cdev_hal.o(i.write))
<BR><BR>[Stack]<UL><LI>Max Depth = 128<LI>Call Chain = write &rArr; nrf_drv_twi_init &rArr; nrf_drv_common_per_res_acquire &rArr; acquire_shared_resource &rArr; app_util_critical_region_enter &rArr; sd_nvic_critical_region_enter
</UL>
<BR>[Calls]<UL><LI><a href="#[1de]">&gt;&gt;</a>&nbsp;&nbsp;&nbsp;app_error_handler_bare
<LI><a href="#[3f9]">&gt;&gt;</a>&nbsp;&nbsp;&nbsp;nrf_drv_twi_uninit
<LI><a href="#[3f6]">&gt;&gt;</a>&nbsp;&nbsp;&nbsp;nrf_drv_twi_init
<LI><a href="#[4b7]">&gt;&gt;</a>&nbsp;&nbsp;&nbsp;nrf_drv_twi_enable
<LI><a href="#[3f5]">&gt;&gt;</a>&nbsp;&nbsp;&nbsp;nrf_drv_twi_disable
</UL>
<BR>[Address Reference Count : 1]<UL><LI> i2cdev_hal.o(i.I2CDevHal_init)
</UL>
<P><STRONG><a name="[62]"></a>write_read</STRONG> (Thumb, 182 bytes, Stack size 48 bytes, i2cdev_hal.o(i.write_read))
<BR><BR>[Stack]<UL><LI>Max Depth = 144<LI>Call Chain = write_read &rArr; xQueueGenericReceive &rArr; xTaskResumeAll &rArr; xTaskIncrementTick
</UL>
<BR>[Calls]<UL><LI><a href="#[45f]">&gt;&gt;</a>&nbsp;&nbsp;&nbsp;xQueueGenericReceive
<LI><a href="#[1de]">&gt;&gt;</a>&nbsp;&nbsp;&nbsp;app_error_handler_bare
<LI><a href="#[3fa]">&gt;&gt;</a>&nbsp;&nbsp;&nbsp;nrf_drv_twi_xfer
<LI><a href="#[3f9]">&gt;&gt;</a>&nbsp;&nbsp;&nbsp;nrf_drv_twi_uninit
<LI><a href="#[3f6]">&gt;&gt;</a>&nbsp;&nbsp;&nbsp;nrf_drv_twi_init
<LI><a href="#[4b7]">&gt;&gt;</a>&nbsp;&nbsp;&nbsp;nrf_drv_twi_enable
<LI><a href="#[3f5]">&gt;&gt;</a>&nbsp;&nbsp;&nbsp;nrf_drv_twi_disable
</UL>
<BR>[Address Reference Count : 1]<UL><LI> i2cdev_hal.o(i.I2CDevHal_init)
</UL>
<P><STRONG><a name="[157]"></a>HalOta_init</STRONG> (Thumb, 108 bytes, Stack size 24 bytes, ota_hal.o(i.HalOta_init))
<BR><BR>[Stack]<UL><LI>Max Depth = 48<LI>Call Chain = HalOta_init &rArr; __2printf
</UL>
<BR>[Calls]<UL><LI><a href="#[ca]">&gt;&gt;</a>&nbsp;&nbsp;&nbsp;__2printf
</UL>
<BR>[Called By]<UL><LI><a href="#[156]">&gt;&gt;</a>&nbsp;&nbsp;&nbsp;HalOta_get_instance
</UL>

<P><STRONG><a name="[5c]"></a>erase_all</STRONG> (Thumb, 8 bytes, Stack size 0 bytes, ota_hal.o(i.erase_all))
<BR>[Address Reference Count : 1]<UL><LI> ota_hal.o(i.HalOta_init)
</UL>
<P><STRONG><a name="[5a]"></a>erase_one_block_32k</STRONG> (Thumb, 4 bytes, Stack size 0 bytes, ota_hal.o(i.erase_one_block_32k))
<BR>[Address Reference Count : 1]<UL><LI> ota_hal.o(i.HalOta_init)
</UL>
<P><STRONG><a name="[58]"></a>erase_one_block_4k</STRONG> (Thumb, 6 bytes, Stack size 0 bytes, ota_hal.o(i.erase_one_block_4k))
<BR>[Address Reference Count : 1]<UL><LI> ota_hal.o(i.HalOta_init)
</UL>
<P><STRONG><a name="[59]"></a>erase_one_block_64k</STRONG> (Thumb, 4 bytes, Stack size 0 bytes, ota_hal.o(i.erase_one_block_64k))
<BR>[Address Reference Count : 1]<UL><LI> ota_hal.o(i.HalOta_init)
</UL>
<P><STRONG><a name="[5b]"></a>get_erase_size</STRONG> (Thumb, 6 bytes, Stack size 0 bytes, ota_hal.o(i.get_erase_size))
<BR>[Address Reference Count : 1]<UL><LI> ota_hal.o(i.HalOta_init)
</UL>
<P><STRONG><a name="[55]"></a>get_size</STRONG> (Thumb, 6 bytes, Stack size 0 bytes, ota_hal.o(i.get_size))
<BR>[Address Reference Count : 1]<UL><LI> ota_hal.o(i.HalOta_init)
</UL>
<P><STRONG><a name="[54]"></a>get_status_register</STRONG> (Thumb, 6 bytes, Stack size 0 bytes, ota_hal.o(i.get_status_register))
<BR>[Address Reference Count : 1]<UL><LI> ota_hal.o(i.HalOta_init)
</UL>
<P><STRONG><a name="[57]"></a>page_program</STRONG> (Thumb, 8 bytes, Stack size 8 bytes, ota_hal.o(i.page_program))
<BR><BR>[Stack]<UL><LI>Max Depth = 8<LI>Call Chain = page_program
</UL>
<BR>[Address Reference Count : 1]<UL><LI> ota_hal.o(i.HalOta_init)
</UL>
<P><STRONG><a name="[56]"></a>read_data</STRONG> (Thumb, 6 bytes, Stack size 8 bytes, ota_hal.o(i.read_data))
<BR><BR>[Stack]<UL><LI>Max Depth = 8<LI>Call Chain = read_data
</UL>
<BR>[Address Reference Count : 1]<UL><LI> ota_hal.o(i.HalOta_init)
</UL>
<P><STRONG><a name="[53]"></a>write_disable</STRONG> (Thumb, 6 bytes, Stack size 0 bytes, ota_hal.o(i.write_disable))
<BR>[Address Reference Count : 1]<UL><LI> ota_hal.o(i.HalOta_init)
</UL>
<P><STRONG><a name="[52]"></a>write_enable</STRONG> (Thumb, 6 bytes, Stack size 0 bytes, ota_hal.o(i.write_enable))
<BR>[Address Reference Count : 1]<UL><LI> ota_hal.o(i.HalOta_init)
</UL>
<P><STRONG><a name="[159]"></a>HalRtc_init</STRONG> (Thumb, 106 bytes, Stack size 24 bytes, rtc_hal.o(i.HalRtc_init))
<BR><BR>[Stack]<UL><LI>Max Depth = 152<LI>Call Chain = HalRtc_init &rArr; xTimerCreate &rArr; prvCheckForValidListAndQueue &rArr; xQueueGenericCreate &rArr; pvPortMalloc &rArr; xTaskResumeAll &rArr; xTaskIncrementTick
</UL>
<BR>[Calls]<UL><LI><a href="#[14c]">&gt;&gt;</a>&nbsp;&nbsp;&nbsp;xTimerCreate
<LI><a href="#[ca]">&gt;&gt;</a>&nbsp;&nbsp;&nbsp;__2printf
</UL>
<BR>[Called By]<UL><LI><a href="#[158]">&gt;&gt;</a>&nbsp;&nbsp;&nbsp;HalRtc_get_instance
</UL>

<P><STRONG><a name="[5f]"></a>isr_routine</STRONG> (Thumb, 18 bytes, Stack size 8 bytes, rtc_hal.o(i.isr_routine))
<BR><BR>[Stack]<UL><LI>Max Depth = 8<LI>Call Chain = isr_routine
</UL>
<BR>[Address Reference Count : 1]<UL><LI> rtc_hal.o(i.HalRtc_init)
</UL>
<P><STRONG><a name="[5d]"></a>reg_isr</STRONG> (Thumb, 12 bytes, Stack size 0 bytes, rtc_hal.o(i.reg_isr))
<BR>[Address Reference Count : 1]<UL><LI> rtc_hal.o(i.HalRtc_init)
</UL>
<P><STRONG><a name="[5e]"></a>start</STRONG> (Thumb, 126 bytes, Stack size 32 bytes, rtc_hal.o(i.start))
<BR><BR>[Stack]<UL><LI>Max Depth = 176<LI>Call Chain = start &rArr; xTimerGenericCommand &rArr; xQueueGenericSend &rArr; prvCopyDataToQueue &rArr; xTaskPriorityDisinherit
</UL>
<BR>[Calls]<UL><LI><a href="#[be]">&gt;&gt;</a>&nbsp;&nbsp;&nbsp;xTimerGenericCommand
<LI><a href="#[1be]">&gt;&gt;</a>&nbsp;&nbsp;&nbsp;xTaskGetTickCount
<LI><a href="#[ca]">&gt;&gt;</a>&nbsp;&nbsp;&nbsp;__2printf
</UL>
<BR>[Address Reference Count : 1]<UL><LI> rtc_hal.o(i.HalRtc_init)
</UL>
<P><STRONG><a name="[1ed]"></a>SpiDevHal_init</STRONG> (Thumb, 92 bytes, Stack size 16 bytes, spidev_hal.o(i.SpiDevHal_init))
<BR><BR>[Stack]<UL><LI>Max Depth = 128<LI>Call Chain = SpiDevHal_init &rArr; xQueueCreateMutex &rArr; xQueueGenericSend &rArr; prvCopyDataToQueue &rArr; xTaskPriorityDisinherit
</UL>
<BR>[Calls]<UL><LI><a href="#[ee]">&gt;&gt;</a>&nbsp;&nbsp;&nbsp;xQueueCreateMutex
<LI><a href="#[ef]">&gt;&gt;</a>&nbsp;&nbsp;&nbsp;xQueueGenericCreate
</UL>
<BR>[Called By]<UL><LI><a href="#[173]">&gt;&gt;</a>&nbsp;&nbsp;&nbsp;SpiDevHal_get_instance
</UL>

<P><STRONG><a name="[6c]"></a>acc_open</STRONG> (Thumb, 28 bytes, Stack size 16 bytes, spidev_hal.o(i.acc_open))
<BR><BR>[Stack]<UL><LI>Max Depth = 152<LI>Call Chain = acc_open &rArr; open &rArr; xQueueTakeMutexRecursive &rArr; xQueueGenericReceive &rArr; xTaskResumeAll &rArr; xTaskIncrementTick
</UL>
<BR>[Calls]<UL><LI><a href="#[295]">&gt;&gt;</a>&nbsp;&nbsp;&nbsp;open
</UL>
<BR>[Address Reference Count : 1]<UL><LI> spidev_hal.o(i.SpiDevHal_init)
</UL>
<P><STRONG><a name="[71]"></a>close</STRONG> (Thumb, 42 bytes, Stack size 16 bytes, spidev_hal.o(i.close))
<BR><BR>[Stack]<UL><LI>Max Depth = 128<LI>Call Chain = close &rArr; xQueueGiveMutexRecursive &rArr; xQueueGenericSend &rArr; prvCopyDataToQueue &rArr; xTaskPriorityDisinherit
</UL>
<BR>[Calls]<UL><LI><a href="#[2a7]">&gt;&gt;</a>&nbsp;&nbsp;&nbsp;xQueueGiveMutexRecursive
</UL>
<BR>[Address Reference Count : 1]<UL><LI> spidev_hal.o(i.SpiDevHal_init)
</UL>
<P><STRONG><a name="[6d]"></a>flash_open</STRONG> (Thumb, 28 bytes, Stack size 16 bytes, spidev_hal.o(i.flash_open))
<BR><BR>[Stack]<UL><LI>Max Depth = 152<LI>Call Chain = flash_open &rArr; open &rArr; xQueueTakeMutexRecursive &rArr; xQueueGenericReceive &rArr; xTaskResumeAll &rArr; xTaskIncrementTick
</UL>
<BR>[Calls]<UL><LI><a href="#[295]">&gt;&gt;</a>&nbsp;&nbsp;&nbsp;open
</UL>
<BR>[Address Reference Count : 1]<UL><LI> spidev_hal.o(i.SpiDevHal_init)
</UL>
<P><STRONG><a name="[72]"></a>oled_open</STRONG> (Thumb, 28 bytes, Stack size 16 bytes, spidev_hal.o(i.oled_open))
<BR><BR>[Stack]<UL><LI>Max Depth = 152<LI>Call Chain = oled_open &rArr; open &rArr; xQueueTakeMutexRecursive &rArr; xQueueGenericReceive &rArr; xTaskResumeAll &rArr; xTaskIncrementTick
</UL>
<BR>[Calls]<UL><LI><a href="#[295]">&gt;&gt;</a>&nbsp;&nbsp;&nbsp;open
</UL>
<BR>[Address Reference Count : 1]<UL><LI> spidev_hal.o(i.SpiDevHal_init)
</UL>
<P><STRONG><a name="[295]"></a>open</STRONG> (Thumb, 84 bytes, Stack size 16 bytes, spidev_hal.o(i.open))
<BR><BR>[Stack]<UL><LI>Max Depth = 136<LI>Call Chain = open &rArr; xQueueTakeMutexRecursive &rArr; xQueueGenericReceive &rArr; xTaskResumeAll &rArr; xTaskIncrementTick
</UL>
<BR>[Calls]<UL><LI><a href="#[e2]">&gt;&gt;</a>&nbsp;&nbsp;&nbsp;xTaskGetCurrentTaskHandle
<LI><a href="#[2a5]">&gt;&gt;</a>&nbsp;&nbsp;&nbsp;xQueueTakeMutexRecursive
</UL>
<BR>[Called By]<UL><LI><a href="#[72]">&gt;&gt;</a>&nbsp;&nbsp;&nbsp;oled_open
<LI><a href="#[6d]">&gt;&gt;</a>&nbsp;&nbsp;&nbsp;flash_open
<LI><a href="#[6c]">&gt;&gt;</a>&nbsp;&nbsp;&nbsp;acc_open
</UL>

<P><STRONG><a name="[6e]"></a>read</STRONG> (Thumb, 8 bytes, Stack size 8 bytes, spidev_hal.o(i.read))
<BR><BR>[Stack]<UL><LI>Max Depth = 8<LI>Call Chain = read
</UL>
<BR>[Address Reference Count : 1]<UL><LI> spidev_hal.o(i.SpiDevHal_init)
</UL>
<P><STRONG><a name="[6f]"></a>write</STRONG> (Thumb, 50 bytes, Stack size 24 bytes, spidev_hal.o(i.write))
<BR><BR>[Stack]<UL><LI>Max Depth = 136<LI>Call Chain = write &rArr; nrf_drv_spi_init &rArr; nrf_drv_common_per_res_acquire &rArr; acquire_shared_resource &rArr; app_util_critical_region_enter &rArr; sd_nvic_critical_region_enter
</UL>
<BR>[Calls]<UL><LI><a href="#[3e9]">&gt;&gt;</a>&nbsp;&nbsp;&nbsp;nrf_drv_spi_init
</UL>
<BR>[Address Reference Count : 1]<UL><LI> spidev_hal.o(i.SpiDevHal_init)
</UL>
<P><STRONG><a name="[70]"></a>write_read</STRONG> (Thumb, 120 bytes, Stack size 40 bytes, spidev_hal.o(i.write_read))
<BR><BR>[Stack]<UL><LI>Max Depth = 152<LI>Call Chain = write_read &rArr; nrf_drv_spi_init &rArr; nrf_drv_common_per_res_acquire &rArr; acquire_shared_resource &rArr; app_util_critical_region_enter &rArr; sd_nvic_critical_region_enter
</UL>
<BR>[Calls]<UL><LI><a href="#[45f]">&gt;&gt;</a>&nbsp;&nbsp;&nbsp;xQueueGenericReceive
<LI><a href="#[3f0]">&gt;&gt;</a>&nbsp;&nbsp;&nbsp;nrf_drv_spi_uninit
<LI><a href="#[3ee]">&gt;&gt;</a>&nbsp;&nbsp;&nbsp;nrf_drv_spi_transfer
<LI><a href="#[3e9]">&gt;&gt;</a>&nbsp;&nbsp;&nbsp;nrf_drv_spi_init
</UL>
<BR>[Address Reference Count : 1]<UL><LI> spidev_hal.o(i.SpiDevHal_init)
</UL>
<P><STRONG><a name="[4b]"></a>decrypt</STRONG> (Thumb, 58 bytes, Stack size 528 bytes, aes_hal.o(i.decrypt))
<BR><BR>[Stack]<UL><LI>Max Depth = 800<LI>Call Chain = decrypt &rArr; AES_generateSBox
</UL>
<BR>[Calls]<UL><LI><a href="#[bb]">&gt;&gt;</a>&nbsp;&nbsp;&nbsp;AES_set_key
<LI><a href="#[b9]">&gt;&gt;</a>&nbsp;&nbsp;&nbsp;AES_generateSBox
<LI><a href="#[329]">&gt;&gt;</a>&nbsp;&nbsp;&nbsp;AES_convert_key
<LI><a href="#[b5]">&gt;&gt;</a>&nbsp;&nbsp;&nbsp;AES_cbc_decrypt
</UL>
<BR>[Address Reference Count : 1]<UL><LI> aes_hal.o(i.HalAes_init)
</UL>
<P><STRONG><a name="[4e]"></a>disable_clock</STRONG> (Thumb, 6 bytes, Stack size 0 bytes, aes_hal.o(i.disable_clock))
<BR>[Address Reference Count : 1]<UL><LI> aes_hal.o(i.HalAes_init)
</UL>
<P><STRONG><a name="[4d]"></a>enable_clock</STRONG> (Thumb, 6 bytes, Stack size 0 bytes, aes_hal.o(i.enable_clock))
<BR>[Address Reference Count : 1]<UL><LI> aes_hal.o(i.HalAes_init)
</UL>
<P><STRONG><a name="[4c]"></a>encrypt</STRONG> (Thumb, 58 bytes, Stack size 72 bytes, aes_hal.o(i.encrypt))
<BR><BR>[Stack]<UL><LI>Max Depth = 80<LI>Call Chain = encrypt &rArr; __aeabi_memcpy
</UL>
<BR>[Calls]<UL><LI><a href="#[f8]">&gt;&gt;</a>&nbsp;&nbsp;&nbsp;__aeabi_memcpy
</UL>
<BR>[Address Reference Count : 1]<UL><LI> aes_hal.o(i.HalAes_init)
</UL>
<P><STRONG><a name="[153]"></a>HalExti_init</STRONG> (Thumb, 28 bytes, Stack size 8 bytes, exti_hal.o(i.HalExti_init))
<BR><BR>[Stack]<UL><LI>Max Depth = 100<LI>Call Chain = HalExti_init &rArr; hw_exti_init &rArr; nrf_drv_gpiote_in_init &rArr; channel_port_alloc
</UL>
<BR>[Calls]<UL><LI><a href="#[154]">&gt;&gt;</a>&nbsp;&nbsp;&nbsp;nrf_drv_gpiote_init
<LI><a href="#[155]">&gt;&gt;</a>&nbsp;&nbsp;&nbsp;hw_exti_init
</UL>
<BR>[Called By]<UL><LI><a href="#[152]">&gt;&gt;</a>&nbsp;&nbsp;&nbsp;HalExti_get_instance
</UL>

<P><STRONG><a name="[51]"></a>disable_all</STRONG> (Thumb, 32 bytes, Stack size 16 bytes, exti_hal.o(i.disable_all))
<BR><BR>[Stack]<UL><LI>Max Depth = 40<LI>Call Chain = disable_all &rArr; nrf_drv_gpiote_in_event_disable &rArr; nrf_gpio_cfg_sense_set
</UL>
<BR>[Calls]<UL><LI><a href="#[32d]">&gt;&gt;</a>&nbsp;&nbsp;&nbsp;nrf_drv_gpiote_in_event_disable
</UL>
<BR>[Address Reference Count : 1]<UL><LI> exti_hal.o(i.HalExti_init)
</UL>
<P><STRONG><a name="[50]"></a>enable_all</STRONG> (Thumb, 34 bytes, Stack size 16 bytes, exti_hal.o(i.enable_all))
<BR><BR>[Stack]<UL><LI>Max Depth = 64<LI>Call Chain = enable_all &rArr; nrf_drv_gpiote_in_event_enable &rArr; nrf_gpiote_event_clear
</UL>
<BR>[Calls]<UL><LI><a href="#[32f]">&gt;&gt;</a>&nbsp;&nbsp;&nbsp;nrf_drv_gpiote_in_event_enable
</UL>
<BR>[Address Reference Count : 1]<UL><LI> exti_hal.o(i.HalExti_init)
</UL>
<P><STRONG><a name="[155]"></a>hw_exti_init</STRONG> (Thumb, 70 bytes, Stack size 16 bytes, exti_hal.o(i.hw_exti_init))
<BR><BR>[Stack]<UL><LI>Max Depth = 92<LI>Call Chain = hw_exti_init &rArr; nrf_drv_gpiote_in_init &rArr; channel_port_alloc
</UL>
<BR>[Calls]<UL><LI><a href="#[396]">&gt;&gt;</a>&nbsp;&nbsp;&nbsp;nrf_drv_gpiote_in_init
</UL>
<BR>[Called By]<UL><LI><a href="#[153]">&gt;&gt;</a>&nbsp;&nbsp;&nbsp;HalExti_init
</UL>

<P><STRONG><a name="[4f]"></a>reg_isr</STRONG> (Thumb, 12 bytes, Stack size 0 bytes, exti_hal.o(i.reg_isr))
<BR>[Address Reference Count : 1]<UL><LI> exti_hal.o(i.HalExti_init)
</UL>
<P><STRONG><a name="[1f5]"></a>errata_108</STRONG> (Thumb, 78 bytes, Stack size 0 bytes, system_nrf52.o(i.errata_108))
<BR><BR>[Called By]<UL><LI><a href="#[36]">&gt;&gt;</a>&nbsp;&nbsp;&nbsp;SystemInit
</UL>

<P><STRONG><a name="[1ee]"></a>errata_16</STRONG> (Thumb, 42 bytes, Stack size 0 bytes, system_nrf52.o(i.errata_16))
<BR><BR>[Called By]<UL><LI><a href="#[36]">&gt;&gt;</a>&nbsp;&nbsp;&nbsp;SystemInit
</UL>

<P><STRONG><a name="[1ef]"></a>errata_31</STRONG> (Thumb, 78 bytes, Stack size 0 bytes, system_nrf52.o(i.errata_31))
<BR><BR>[Called By]<UL><LI><a href="#[36]">&gt;&gt;</a>&nbsp;&nbsp;&nbsp;SystemInit
</UL>

<P><STRONG><a name="[1f0]"></a>errata_32</STRONG> (Thumb, 42 bytes, Stack size 0 bytes, system_nrf52.o(i.errata_32))
<BR><BR>[Called By]<UL><LI><a href="#[36]">&gt;&gt;</a>&nbsp;&nbsp;&nbsp;SystemInit
</UL>

<P><STRONG><a name="[1f1]"></a>errata_36</STRONG> (Thumb, 78 bytes, Stack size 0 bytes, system_nrf52.o(i.errata_36))
<BR><BR>[Called By]<UL><LI><a href="#[36]">&gt;&gt;</a>&nbsp;&nbsp;&nbsp;SystemInit
</UL>

<P><STRONG><a name="[1f2]"></a>errata_37</STRONG> (Thumb, 42 bytes, Stack size 0 bytes, system_nrf52.o(i.errata_37))
<BR><BR>[Called By]<UL><LI><a href="#[36]">&gt;&gt;</a>&nbsp;&nbsp;&nbsp;SystemInit
</UL>

<P><STRONG><a name="[1f3]"></a>errata_57</STRONG> (Thumb, 42 bytes, Stack size 0 bytes, system_nrf52.o(i.errata_57))
<BR><BR>[Called By]<UL><LI><a href="#[36]">&gt;&gt;</a>&nbsp;&nbsp;&nbsp;SystemInit
</UL>

<P><STRONG><a name="[1f4]"></a>errata_66</STRONG> (Thumb, 42 bytes, Stack size 0 bytes, system_nrf52.o(i.errata_66))
<BR><BR>[Called By]<UL><LI><a href="#[36]">&gt;&gt;</a>&nbsp;&nbsp;&nbsp;SystemInit
</UL>

<P><STRONG><a name="[22a]"></a>_printf_core</STRONG> (Thumb, 996 bytes, Stack size 104 bytes, printf8.o(i._printf_core), UNUSED)
<BR><BR>[Calls]<UL><LI><a href="#[281]">&gt;&gt;</a>&nbsp;&nbsp;&nbsp;_printf_pre_padding
<LI><a href="#[282]">&gt;&gt;</a>&nbsp;&nbsp;&nbsp;_printf_post_padding
<LI><a href="#[b2]">&gt;&gt;</a>&nbsp;&nbsp;&nbsp;__aeabi_uldivmod
</UL>
<BR>[Called By]<UL><LI><a href="#[22b]">&gt;&gt;</a>&nbsp;&nbsp;&nbsp;__0sprintf$8
<LI><a href="#[229]">&gt;&gt;</a>&nbsp;&nbsp;&nbsp;__0printf$8
</UL>

<P><STRONG><a name="[282]"></a>_printf_post_padding</STRONG> (Thumb, 36 bytes, Stack size 24 bytes, printf8.o(i._printf_post_padding), UNUSED)
<BR><BR>[Called By]<UL><LI><a href="#[22a]">&gt;&gt;</a>&nbsp;&nbsp;&nbsp;_printf_core
</UL>

<P><STRONG><a name="[281]"></a>_printf_pre_padding</STRONG> (Thumb, 46 bytes, Stack size 24 bytes, printf8.o(i._printf_pre_padding), UNUSED)
<BR><BR>[Called By]<UL><LI><a href="#[22a]">&gt;&gt;</a>&nbsp;&nbsp;&nbsp;_printf_core
</UL>

<P><STRONG><a name="[75]"></a>_sputc</STRONG> (Thumb, 10 bytes, Stack size 0 bytes, printf8.o(i._sputc))
<BR><BR>[Called By]<UL><LI><a href="#[22b]">&gt;&gt;</a>&nbsp;&nbsp;&nbsp;__0sprintf$8
</UL>
<BR>[Address Reference Count : 1]<UL><LI> printf8.o(i.__0sprintf$8)
</UL><P>
<H3>
Undefined Global Symbols
</H3><HR></body></html>
